Archive member included because of file (symbol)

c:/program files/atollic/truestudio for arm lite 5.2.2/armtools/bin/../lib/gcc/arm-atollic-eabi/4.8.3/../../../../arm-atollic-eabi/lib/armv7e-m/softfp\libc.a(lib_a-init.o)
                              src\startup_stm32f4xx.o (__libc_init_array)
c:/program files/atollic/truestudio for arm lite 5.2.2/armtools/bin/../lib/gcc/arm-atollic-eabi/4.8.3/../../../../arm-atollic-eabi/lib/armv7e-m/softfp\libc.a(lib_a-memcmp.o)
                              FreeRTOS_Source\tasks.o (memcmp)
c:/program files/atollic/truestudio for arm lite 5.2.2/armtools/bin/../lib/gcc/arm-atollic-eabi/4.8.3/../../../../arm-atollic-eabi/lib/armv7e-m/softfp\libc.a(lib_a-memcpy-stub.o)
                              FreeRTOS_Source\queue.o (memcpy)
c:/program files/atollic/truestudio for arm lite 5.2.2/armtools/bin/../lib/gcc/arm-atollic-eabi/4.8.3/../../../../arm-atollic-eabi/lib/armv7e-m/softfp\libc.a(lib_a-memset.o)
                              FreeRTOS_Source\tasks.o (memset)
c:/program files/atollic/truestudio for arm lite 5.2.2/armtools/bin/../lib/gcc/arm-atollic-eabi/4.8.3/../../../../arm-atollic-eabi/lib/armv7e-m/softfp\libc.a(lib_a-strncpy.o)
                              FreeRTOS_Source\tasks.o (strncpy)
c:/program files/atollic/truestudio for arm lite 5.2.2/armtools/bin/../lib/gcc/arm-atollic-eabi/4.8.3/../../../../arm-atollic-eabi/lib/armv7e-m/softfp\libc.a(lib_a-syscalls.o)
                              src\tiny_printf.o (_write)
c:/program files/atollic/truestudio for arm lite 5.2.2/armtools/bin/../lib/gcc/arm-atollic-eabi/4.8.3/../../../../arm-atollic-eabi/lib/armv7e-m/softfp\libc.a(lib_a-reent.o)
                              c:/program files/atollic/truestudio for arm lite 5.2.2/armtools/bin/../lib/gcc/arm-atollic-eabi/4.8.3/../../../../arm-atollic-eabi/lib/armv7e-m/softfp\libc.a(lib_a-syscalls.o) (errno)
c:/program files/atollic/truestudio for arm lite 5.2.2/armtools/bin/../lib/gcc/arm-atollic-eabi/4.8.3/../../../../arm-atollic-eabi/lib/armv7e-m/softfp\libc.a(lib_a-freer.o)
                              c:/program files/atollic/truestudio for arm lite 5.2.2/armtools/bin/../lib/gcc/arm-atollic-eabi/4.8.3/../../../../arm-atollic-eabi/lib/armv7e-m/softfp\libc.a(lib_a-reent.o) (_free_r)
c:/program files/atollic/truestudio for arm lite 5.2.2/armtools/bin/../lib/gcc/arm-atollic-eabi/4.8.3/../../../../arm-atollic-eabi/lib/armv7e-m/softfp\libc.a(lib_a-impure.o)
                              c:/program files/atollic/truestudio for arm lite 5.2.2/armtools/bin/../lib/gcc/arm-atollic-eabi/4.8.3/../../../../arm-atollic-eabi/lib/armv7e-m/softfp\libc.a(lib_a-reent.o) (_impure_ptr)
c:/program files/atollic/truestudio for arm lite 5.2.2/armtools/bin/../lib/gcc/arm-atollic-eabi/4.8.3/../../../../arm-atollic-eabi/lib/armv7e-m/softfp\libc.a(lib_a-mallocr.o)
                              c:/program files/atollic/truestudio for arm lite 5.2.2/armtools/bin/../lib/gcc/arm-atollic-eabi/4.8.3/../../../../arm-atollic-eabi/lib/armv7e-m/softfp\libc.a(lib_a-freer.o) (__malloc_current_mallinfo)
c:/program files/atollic/truestudio for arm lite 5.2.2/armtools/bin/../lib/gcc/arm-atollic-eabi/4.8.3/../../../../arm-atollic-eabi/lib/armv7e-m/softfp\libc.a(lib_a-mlock.o)
                              c:/program files/atollic/truestudio for arm lite 5.2.2/armtools/bin/../lib/gcc/arm-atollic-eabi/4.8.3/../../../../arm-atollic-eabi/lib/armv7e-m/softfp\libc.a(lib_a-freer.o) (__malloc_lock)
c:/program files/atollic/truestudio for arm lite 5.2.2/armtools/bin/../lib/gcc/arm-atollic-eabi/4.8.3/../../../../arm-atollic-eabi/lib/armv7e-m/softfp\libc.a(lib_a-sbrkr.o)
                              c:/program files/atollic/truestudio for arm lite 5.2.2/armtools/bin/../lib/gcc/arm-atollic-eabi/4.8.3/../../../../arm-atollic-eabi/lib/armv7e-m/softfp\libc.a(lib_a-freer.o) (_sbrk_r)

Allocating common symbols
Common symbol       size              file

CurrentPos          0x4               Utilities\STM32F4-Discovery\stm32f4_discovery_audio_codec.o
errno               0x4               c:/program files/atollic/truestudio for arm lite 5.2.2/armtools/bin/../lib/gcc/arm-atollic-eabi/4.8.3/../../../../arm-atollic-eabi/lib/armv7e-m/softfp\libc.a(lib_a-reent.o)
xQueueRegistry      0x80              FreeRTOS_Source\queue.o
AUDIO_MAL_DMA_InitStructure
                    0x3c              Utilities\STM32F4-Discovery\stm32f4_discovery_audio_codec.o
NVIC_InitStructure  0x4               Utilities\STM32F4-Discovery\stm32f4_discovery.o
DMA_InitStructure   0x3c              Utilities\STM32F4-Discovery\stm32f4_discovery_audio_codec.o

Discarded input sections

 .text          0x00000000        0x0 c:/program files/atollic/truestudio for arm lite 5.2.2/armtools/bin/../lib/gcc/arm-atollic-eabi/4.8.3/armv7e-m/softfp/crti.o
 .data          0x00000000        0x0 c:/program files/atollic/truestudio for arm lite 5.2.2/armtools/bin/../lib/gcc/arm-atollic-eabi/4.8.3/armv7e-m/softfp/crti.o
[...]
Memory Configuration

Name             Origin             Length             Attributes
FLASH            0x08000000         0x00100000         xr
RAM              0x20000000         0x00020000         xrw
MEMORY_B1        0x60000000         0x00000000         xr
CCMRAM           0x10000000         0x00010000         rw
*default*        0x00000000         0xffffffff

Linker script and memory map

LOAD c:/program files/atollic/truestudio for arm lite 5.2.2/armtools/bin/../lib/gcc/arm-atollic-eabi/4.8.3/armv7e-m/softfp/crti.o
LOAD c:/program files/atollic/truestudio for arm lite 5.2.2/armtools/bin/../lib/gcc/arm-atollic-eabi/4.8.3/armv7e-m/softfp/crtbegin.o
LOAD src\tiny_printf.o
LOAD src\system_stm32f4xx.o
LOAD src\stm32f4xx_it.o
LOAD src\startup_stm32f4xx.o
LOAD src\main.o
LOAD src\STM32F4-Discovery_callback.o
LOAD Utilities\STM32F4-Discovery\stm32f4_discovery_lis302dl.o
LOAD Utilities\STM32F4-Discovery\stm32f4_discovery_audio_codec.o
LOAD Utilities\STM32F4-Discovery\stm32f4_discovery.o
LOAD Libraries\STM32F4xx_StdPeriph_Driver\src\stm32f4xx_wwdg.o
LOAD Libraries\STM32F4xx_StdPeriph_Driver\src\stm32f4xx_usart.o
LOAD Libraries\STM32F4xx_StdPeriph_Driver\src\stm32f4xx_tim.o
LOAD Libraries\STM32F4xx_StdPeriph_Driver\src\stm32f4xx_syscfg.o
LOAD Libraries\STM32F4xx_StdPeriph_Driver\src\stm32f4xx_spi.o
LOAD Libraries\STM32F4xx_StdPeriph_Driver\src\stm32f4xx_sdio.o
LOAD Libraries\STM32F4xx_StdPeriph_Driver\src\stm32f4xx_rtc.o
LOAD Libraries\STM32F4xx_StdPeriph_Driver\src\stm32f4xx_rng.o
LOAD Libraries\STM32F4xx_StdPeriph_Driver\src\stm32f4xx_rcc.o
LOAD Libraries\STM32F4xx_StdPeriph_Driver\src\stm32f4xx_pwr.o
LOAD Libraries\STM32F4xx_StdPeriph_Driver\src\stm32f4xx_iwdg.o
LOAD Libraries\STM32F4xx_StdPeriph_Driver\src\stm32f4xx_i2c.o
LOAD Libraries\STM32F4xx_StdPeriph_Driver\src\stm32f4xx_hash_sha1.o
LOAD Libraries\STM32F4xx_StdPeriph_Driver\src\stm32f4xx_hash_md5.o
LOAD Libraries\STM32F4xx_StdPeriph_Driver\src\stm32f4xx_hash.o
LOAD Libraries\STM32F4xx_StdPeriph_Driver\src\stm32f4xx_gpio.o
LOAD Libraries\STM32F4xx_StdPeriph_Driver\src\stm32f4xx_fsmc.o
LOAD Libraries\STM32F4xx_StdPeriph_Driver\src\stm32f4xx_flash.o
LOAD Libraries\STM32F4xx_StdPeriph_Driver\src\stm32f4xx_exti.o
LOAD Libraries\STM32F4xx_StdPeriph_Driver\src\stm32f4xx_dma.o
LOAD Libraries\STM32F4xx_StdPeriph_Driver\src\stm32f4xx_dcmi.o
LOAD Libraries\STM32F4xx_StdPeriph_Driver\src\stm32f4xx_dbgmcu.o
LOAD Libraries\STM32F4xx_StdPeriph_Driver\src\stm32f4xx_dac.o
LOAD Libraries\STM32F4xx_StdPeriph_Driver\src\stm32f4xx_cryp_tdes.o
LOAD Libraries\STM32F4xx_StdPeriph_Driver\src\stm32f4xx_cryp_des.o
LOAD Libraries\STM32F4xx_StdPeriph_Driver\src\stm32f4xx_cryp_aes.o
LOAD Libraries\STM32F4xx_StdPeriph_Driver\src\stm32f4xx_cryp.o
LOAD Libraries\STM32F4xx_StdPeriph_Driver\src\stm32f4xx_crc.o
LOAD Libraries\STM32F4xx_StdPeriph_Driver\src\stm32f4xx_can.o
LOAD Libraries\STM32F4xx_StdPeriph_Driver\src\stm32f4xx_adc.o
LOAD Libraries\STM32F4xx_StdPeriph_Driver\src\misc.o
LOAD FreeRTOS_Source\timers.o
LOAD FreeRTOS_Source\tasks.o
LOAD FreeRTOS_Source\queue.o
LOAD FreeRTOS_Source\portable\MemMang\heap_1.o
LOAD FreeRTOS_Source\portable\GCC\ARM_CM4F\port.o
LOAD FreeRTOS_Source\list.o
LOAD c:/program files/atollic/truestudio for arm lite 5.2.2/armtools/bin/../lib/gcc/arm-atollic-eabi/4.8.3/../../../../arm-atollic-eabi/lib/armv7e-m/softfp\libm.a
START GROUP
LOAD c:/program files/atollic/truestudio for arm lite 5.2.2/armtools/bin/../lib/gcc/arm-atollic-eabi/4.8.3/../../../../arm-atollic-eabi/lib/armv7e-m/softfp\libc.a
LOAD c:/program files/atollic/truestudio for arm lite 5.2.2/armtools/bin/../lib/gcc/arm-atollic-eabi/4.8.3/../../../../arm-atollic-eabi/lib/armv7e-m/softfp\libm.a
END GROUP
                0x00001000                malloc_getpagesize_P = 0x1000
START GROUP
LOAD c:/program files/atollic/truestudio for arm lite 5.2.2/armtools/bin/../lib/gcc/arm-atollic-eabi/4.8.3/armv7e-m/softfp\libgcc.a
LOAD c:/program files/atollic/truestudio for arm lite 5.2.2/armtools/bin/../lib/gcc/arm-atollic-eabi/4.8.3/../../../../arm-atollic-eabi/lib/armv7e-m/softfp\libc.a
END GROUP
LOAD c:/program files/atollic/truestudio for arm lite 5.2.2/armtools/bin/../lib/gcc/arm-atollic-eabi/4.8.3/armv7e-m/softfp/crtend.o
LOAD c:/program files/atollic/truestudio for arm lite 5.2.2/armtools/bin/../lib/gcc/arm-atollic-eabi/4.8.3/armv7e-m/softfp/crtn.o
                0x20020000                _estack = 0x20020000
                0x00000000                _Min_Heap_Size = 0x0
                0x00000400                _Min_Stack_Size = 0x400

.isr_vector     0x08000000      0x188
                0x08000000                . = ALIGN (0x4)
 *(.isr_vector)
 .isr_vector    0x08000000      0x188 src\startup_stm32f4xx.o
                0x08000000                g_pfnVectors
                0x08000188                . = ALIGN (0x4)

.text           0x08000188     0x30a0
                0x08000188                . = ALIGN (0x4)
 *(.text)
 .text          0x08000188       0x40 c:/program files/atollic/truestudio for arm lite 5.2.2/armtools/bin/../lib/gcc/arm-atollic-eabi/4.8.3/armv7e-m/softfp/crtbegin.o
 *(.text*)
 .text.SystemInit
                0x080001c8       0x68 src\system_stm32f4xx.o
                0x080001c8                SystemInit
 .text.SetSysClock
                0x08000230       0xf4 src\system_stm32f4xx.o
 .text.NMI_Handler
                0x08000324        0xc src\stm32f4xx_it.o
                0x08000324                NMI_Handler
 .text.HardFault_Handler
                0x08000330        0x8 src\stm32f4xx_it.o
                0x08000330                HardFault_Handler
 .text.MemManage_Handler
                0x08000338        0x8 src\stm32f4xx_it.o
                0x08000338                MemManage_Handler
 .text.BusFault_Handler
                0x08000340        0x8 src\stm32f4xx_it.o
                0x08000340                BusFault_Handler
 .text.UsageFault_Handler
                0x08000348        0x8 src\stm32f4xx_it.o
                0x08000348                UsageFault_Handler
 .text.DebugMon_Handler
                0x08000350        0xc src\stm32f4xx_it.o
                0x08000350                DebugMon_Handler
 .text.Reset_Handler
                0x0800035c       0x50 src\startup_stm32f4xx.o
                0x0800035c                Reset_Handler
 .text.Default_Handler
                0x080003ac        0x4 src\startup_stm32f4xx.o
                0x080003ac                RTC_Alarm_IRQHandler
                0x080003ac                HASH_RNG_IRQHandler
                0x080003ac                EXTI2_IRQHandler
                0x080003ac                TIM8_CC_IRQHandler
                0x080003ac                TIM1_CC_IRQHandler
                0x080003ac                DMA2_Stream5_IRQHandler
                0x080003ac                DMA1_Stream5_IRQHandler
                0x080003ac                PVD_IRQHandler
                0x080003ac                SDIO_IRQHandler
                0x080003ac                TAMP_STAMP_IRQHandler
                0x080003ac                CAN2_RX1_IRQHandler
                0x080003ac                EXTI3_IRQHandler
                0x080003ac                TIM8_TRG_COM_TIM14_IRQHandler
                0x080003ac                TIM1_UP_TIM10_IRQHandler
                0x080003ac                TIM8_UP_TIM13_IRQHandler
                0x080003ac                I2C3_ER_IRQHandler
                0x080003ac                EXTI0_IRQHandler
                0x080003ac                I2C2_EV_IRQHandler
                0x080003ac                DMA1_Stream2_IRQHandler
                0x080003ac                CAN1_RX0_IRQHandler
                0x080003ac                FPU_IRQHandler
                0x080003ac                OTG_HS_WKUP_IRQHandler
                0x080003ac                CAN2_SCE_IRQHandler
                0x080003ac                DMA2_Stream2_IRQHandler
                0x080003ac                SPI1_IRQHandler
                0x080003ac                TIM6_DAC_IRQHandler
                0x080003ac                TIM1_BRK_TIM9_IRQHandler
                0x080003ac                DCMI_IRQHandler
                0x080003ac                CAN2_RX0_IRQHandler
                0x080003ac                DMA2_Stream3_IRQHandler
                0x080003ac                USART6_IRQHandler
                0x080003ac                USART3_IRQHandler
                0x080003ac                CRYP_IRQHandler
                0x080003ac                CAN1_RX1_IRQHandler
                0x080003ac                UART5_IRQHandler
                0x080003ac                DMA2_Stream0_IRQHandler
                0x080003ac                TIM4_IRQHandler
                0x080003ac                I2C1_EV_IRQHandler
                0x080003ac                DMA1_Stream6_IRQHandler
                0x080003ac                DMA1_Stream1_IRQHandler
                0x080003ac                UART4_IRQHandler
                0x080003ac                TIM3_IRQHandler
                0x080003ac                RCC_IRQHandler
                0x080003ac                TIM8_BRK_TIM12_IRQHandler
                0x080003ac                Default_Handler
                0x080003ac                EXTI15_10_IRQHandler
                0x080003ac                ADC_IRQHandler
                0x080003ac                TIM7_IRQHandler
                0x080003ac                CAN2_TX_IRQHandler
                0x080003ac                TIM5_IRQHandler
                0x080003ac                DMA2_Stream7_IRQHandler
                0x080003ac                I2C3_EV_IRQHandler
                0x080003ac                EXTI9_5_IRQHandler
                0x080003ac                RTC_WKUP_IRQHandler
                0x080003ac                ETH_WKUP_IRQHandler
                0x080003ac                SPI2_IRQHandler
                0x080003ac                OTG_HS_EP1_IN_IRQHandler
                0x080003ac                CAN1_TX_IRQHandler
                0x080003ac                EXTI4_IRQHandler
                0x080003ac                FSMC_IRQHandler
                0x080003ac                ETH_IRQHandler
                0x080003ac                OTG_HS_EP1_OUT_IRQHandler
                0x080003ac                WWDG_IRQHandler
                0x080003ac                TIM2_IRQHandler
                0x080003ac                OTG_FS_WKUP_IRQHandler
                0x080003ac                TIM1_TRG_COM_TIM11_IRQHandler
                0x080003ac                OTG_HS_IRQHandler
                0x080003ac                EXTI1_IRQHandler
                0x080003ac                USART2_IRQHandler
                0x080003ac                I2C2_ER_IRQHandler
                0x080003ac                DMA2_Stream1_IRQHandler
                0x080003ac                CAN1_SCE_IRQHandler
                0x080003ac                FLASH_IRQHandler
                0x080003ac                DMA2_Stream4_IRQHandler
                0x080003ac                USART1_IRQHandler
                0x080003ac                OTG_FS_IRQHandler
                0x080003ac                DMA1_Stream4_IRQHandler
                0x080003ac                I2C1_ER_IRQHandler
                0x080003ac                DMA2_Stream6_IRQHandler
                0x080003ac                DMA1_Stream3_IRQHandler
 .text.NVIC_SetPriorityGrouping
                0x080003b0       0x48 src\main.o
 .text.main     0x080003f8      0x1a8 src\main.o
                0x080003f8                main
 .text.vExampleTimerCallback
                0x080005a0       0x20 src\main.o
 .text.prvQueueSendTaskGreen
                0x080005c0       0x40 src\main.o
 .text.prvQueueSendTaskOrange
                0x08000600       0x40 src\main.o
 .text.prvQueueSendTaskRed
                0x08000640       0x40 src\main.o
 .text.prvQueueSendTaskBlue
                0x08000680       0x40 src\main.o
 .text.prvQueueSendTaskUSART
                0x080006c0       0x44 src\main.o
 .text.prvQueueReceiveTask
                0x08000704       0x98 src\main.o
 .text.prvEventSemaphoreTask
                0x0800079c       0x30 src\main.o
 .text.vApplicationTickHook
                0x080007cc       0x44 src\main.o
                0x080007cc                vApplicationTickHook
 .text.vApplicationMallocFailedHook
                0x08000810        0x8 src\main.o
                0x08000810                vApplicationMallocFailedHook
 .text.vApplicationStackOverflowHook
                0x08000818        0xc src\main.o
                0x08000818                vApplicationStackOverflowHook
 .text.vApplicationIdleHook
                0x08000824       0x18 src\main.o
                0x08000824                vApplicationIdleHook
 .text.start    0x0800083c       0x34 src\main.o
                0x0800083c                start
 .text.prvSetupHardware
                0x08000870       0xd8 src\main.o
 .text.EVAL_AUDIO_TransferComplete_CallBack
                0x08000948       0x18 src\STM32F4-Discovery_callback.o
                0x08000948                EVAL_AUDIO_TransferComplete_CallBack
 .text.EVAL_AUDIO_GetSampleCallBack
                0x08000960       0x10 src\STM32F4-Discovery_callback.o
                0x08000960                EVAL_AUDIO_GetSampleCallBack
 .text.Audio_MAL_IRQHandler
                0x08000970       0xf8 Utilities\STM32F4-Discovery\stm32f4_discovery_audio_codec.o
 .text.DMA1_Stream7_IRQHandler
                0x08000a68        0xc Utilities\STM32F4-Discovery\stm32f4_discovery_audio_codec.o
                0x08000a68                DMA1_Stream7_IRQHandler
 .text.DMA1_Stream0_IRQHandler
                0x08000a74        0xc Utilities\STM32F4-Discovery\stm32f4_discovery_audio_codec.o
                0x08000a74                DMA1_Stream0_IRQHandler
 .text.SPI3_IRQHandler
                0x08000a80       0x40 Utilities\STM32F4-Discovery\stm32f4_discovery_audio_codec.o
                0x08000a80                SPI3_IRQHandler
 .text.USART_Init
                0x08000ac0      0x174 Libraries\STM32F4xx_StdPeriph_Driver\src\stm32f4xx_usart.o
                0x08000ac0                USART_Init
 .text.USART_Cmd
                0x08000c34       0x40 Libraries\STM32F4xx_StdPeriph_Driver\src\stm32f4xx_usart.o
                0x08000c34                USART_Cmd
 .text.USART_ReceiveData
                0x08000c74       0x20 Libraries\STM32F4xx_StdPeriph_Driver\src\stm32f4xx_usart.o
                0x08000c74                USART_ReceiveData
 .text.USART_GetITStatus
                0x08000c94       0xb0 Libraries\STM32F4xx_StdPeriph_Driver\src\stm32f4xx_usart.o
                0x08000c94                USART_GetITStatus
 .text.SPI_I2S_SendData
                0x08000d44       0x1c Libraries\STM32F4xx_StdPeriph_Driver\src\stm32f4xx_spi.o
                0x08000d44                SPI_I2S_SendData
 .text.SPI_I2S_GetFlagStatus
                0x08000d60       0x38 Libraries\STM32F4xx_StdPeriph_Driver\src\stm32f4xx_spi.o
                0x08000d60                SPI_I2S_GetFlagStatus
 .text.RCC_GetClocksFreq
                0x08000d98      0x154 Libraries\STM32F4xx_StdPeriph_Driver\src\stm32f4xx_rcc.o
                0x08000d98                RCC_GetClocksFreq
 .text.RCC_AHB1PeriphClockCmd
                0x08000eec       0x3c Libraries\STM32F4xx_StdPeriph_Driver\src\stm32f4xx_rcc.o
                0x08000eec                RCC_AHB1PeriphClockCmd
 .text.RCC_APB1PeriphClockCmd
                0x08000f28       0x3c Libraries\STM32F4xx_StdPeriph_Driver\src\stm32f4xx_rcc.o
                0x08000f28                RCC_APB1PeriphClockCmd
 .text.GPIO_Init
                0x08000f64      0x11c Libraries\STM32F4xx_StdPeriph_Driver\src\stm32f4xx_gpio.o
                0x08000f64                GPIO_Init
 .text.GPIO_ReadInputDataBit
                0x08001080       0x34 Libraries\STM32F4xx_StdPeriph_Driver\src\stm32f4xx_gpio.o
                0x08001080                GPIO_ReadInputDataBit
 .text.GPIO_SetBits
                0x080010b4       0x1c Libraries\STM32F4xx_StdPeriph_Driver\src\stm32f4xx_gpio.o
                0x080010b4                GPIO_SetBits
 .text.GPIO_ResetBits
                0x080010d0       0x1c Libraries\STM32F4xx_StdPeriph_Driver\src\stm32f4xx_gpio.o
                0x080010d0                GPIO_ResetBits
 .text.GPIO_ToggleBits
                0x080010ec       0x24 Libraries\STM32F4xx_StdPeriph_Driver\src\stm32f4xx_gpio.o
                0x080010ec                GPIO_ToggleBits
 .text.GPIO_PinAFConfig
                0x08001110       0x8c Libraries\STM32F4xx_StdPeriph_Driver\src\stm32f4xx_gpio.o
                0x08001110                GPIO_PinAFConfig
 .text.DMA_Init
                0x0800119c       0xac Libraries\STM32F4xx_StdPeriph_Driver\src\stm32f4xx_dma.o
                0x0800119c                DMA_Init
 .text.DMA_Cmd  0x08001248       0x38 Libraries\STM32F4xx_StdPeriph_Driver\src\stm32f4xx_dma.o
                0x08001248                DMA_Cmd
 .text.DMA_GetCmdStatus
                0x08001280       0x30 Libraries\STM32F4xx_StdPeriph_Driver\src\stm32f4xx_dma.o
                0x08001280                DMA_GetCmdStatus
 .text.DMA_GetFlagStatus
                0x080012b0       0x78 Libraries\STM32F4xx_StdPeriph_Driver\src\stm32f4xx_dma.o
                0x080012b0                DMA_GetFlagStatus
 .text.DMA_ClearFlag
                0x08001328       0x5c Libraries\STM32F4xx_StdPeriph_Driver\src\stm32f4xx_dma.o
                0x08001328                DMA_ClearFlag
 .text.DAC_SetChannel1Data
                0x08001384       0x34 Libraries\STM32F4xx_StdPeriph_Driver\src\stm32f4xx_dac.o
                0x08001384                DAC_SetChannel1Data
 .text.xTimerCreateTimerTask
                0x080013b8       0x5c FreeRTOS_Source\timers.o
                0x080013b8                xTimerCreateTimerTask
 .text.xTimerCreate
                0x08001414       0x6c FreeRTOS_Source\timers.o
                0x08001414                xTimerCreate
 .text.xTimerGenericCommand
                0x08001480       0x8c FreeRTOS_Source\timers.o
                0x08001480                xTimerGenericCommand
 .text.prvProcessExpiredTimer
                0x0800150c       0x74 FreeRTOS_Source\timers.o
 .text.prvTimerTask
                0x08001580       0x24 FreeRTOS_Source\timers.o
 .text.prvProcessTimerOrBlockTask
                0x080015a4       0x6c FreeRTOS_Source\timers.o
 .text.prvGetNextExpireTime
                0x08001610       0x48 FreeRTOS_Source\timers.o
 .text.prvSampleTimeNow
                0x08001658       0x44 FreeRTOS_Source\timers.o
 .text.prvInsertTimerInActiveList
                0x0800169c       0x84 FreeRTOS_Source\timers.o
 .text.prvProcessReceivedCommands
                0x08001720      0x100 FreeRTOS_Source\timers.o
 .text.prvSwitchTimerLists
                0x08001820       0xb8 FreeRTOS_Source\timers.o
 .text.prvCheckForValidListAndQueue
                0x080018d8       0x54 FreeRTOS_Source\timers.o
 .text.xTaskGenericCreate
                0x0800192c      0x184 FreeRTOS_Source\tasks.o
                0x0800192c                xTaskGenericCreate
 .text.vTaskDelay
                0x08001ab0       0x50 FreeRTOS_Source\tasks.o
                0x08001ab0                vTaskDelay
 .text.vTaskStartScheduler
                0x08001b00       0x74 FreeRTOS_Source\tasks.o
                0x08001b00                vTaskStartScheduler
 .text.vTaskSuspendAll
                0x08001b74       0x1c FreeRTOS_Source\tasks.o
                0x08001b74                vTaskSuspendAll
 .text.xTaskResumeAll
                0x08001b90      0x108 FreeRTOS_Source\tasks.o
                0x08001b90                xTaskResumeAll
 .text.xTaskGetTickCount
                0x08001c98       0x24 FreeRTOS_Source\tasks.o
                0x08001c98                xTaskGetTickCount
 .text.vTaskIncrementTick
                0x08001cbc      0x150 FreeRTOS_Source\tasks.o
                0x08001cbc                vTaskIncrementTick
 .text.vTaskSwitchContext
                0x08001e0c       0xf0 FreeRTOS_Source\tasks.o
                0x08001e0c                vTaskSwitchContext
 .text.vTaskPlaceOnEventList
                0x08001efc       0x70 FreeRTOS_Source\tasks.o
                0x08001efc                vTaskPlaceOnEventList
 .text.vTaskPlaceOnEventListRestricted
                0x08001f6c       0x54 FreeRTOS_Source\tasks.o
                0x08001f6c                vTaskPlaceOnEventListRestricted
 .text.xTaskRemoveFromEventList
                0x08001fc0       0xb0 FreeRTOS_Source\tasks.o
                0x08001fc0                xTaskRemoveFromEventList
 .text.vTaskSetTimeOutState
                0x08002070       0x3c FreeRTOS_Source\tasks.o
                0x08002070                vTaskSetTimeOutState
 .text.xTaskCheckForTimeOut
                0x080020ac       0xa8 FreeRTOS_Source\tasks.o
                0x080020ac                xTaskCheckForTimeOut
 .text.vTaskMissedYield
                0x08002154       0x18 FreeRTOS_Source\tasks.o
                0x08002154                vTaskMissedYield
 .text.prvIdleTask
                0x0800216c       0x24 FreeRTOS_Source\tasks.o
 .text.prvInitialiseTCBVariables
                0x08002190       0x6c FreeRTOS_Source\tasks.o
 .text.prvInitialiseTaskLists
                0x080021fc       0x7c FreeRTOS_Source\tasks.o
 .text.prvCheckTasksWaitingTermination
                0x08002278       0x74 FreeRTOS_Source\tasks.o
 .text.prvAddCurrentTaskToDelayedList
                0x080022ec       0x6c FreeRTOS_Source\tasks.o
 .text.prvAllocateTCBAndStack
                0x08002358       0x64 FreeRTOS_Source\tasks.o
 .text.prvDeleteTCB
                0x080023bc       0x20 FreeRTOS_Source\tasks.o
 .text.xTaskGetCurrentTaskHandle
                0x080023dc       0x20 FreeRTOS_Source\tasks.o
                0x080023dc                xTaskGetCurrentTaskHandle
 .text.xTaskGetSchedulerState
                0x080023fc       0x3c FreeRTOS_Source\tasks.o
                0x080023fc                xTaskGetSchedulerState
 .text.vTaskPriorityInherit
                0x08002438       0xb4 FreeRTOS_Source\tasks.o
                0x08002438                vTaskPriorityInherit
 .text.vTaskPriorityDisinherit
                0x080024ec       0x7c FreeRTOS_Source\tasks.o
                0x080024ec                vTaskPriorityDisinherit
 .text.xQueueGenericReset
                0x08002568       0xb0 FreeRTOS_Source\queue.o
                0x08002568                xQueueGenericReset
 .text.xQueueGenericCreate
                0x08002618       0x80 FreeRTOS_Source\queue.o
                0x08002618                xQueueGenericCreate
 .text.xQueueGenericSend
                0x08002698      0x140 FreeRTOS_Source\queue.o
                0x08002698                xQueueGenericSend
 .text.xQueueGenericSendFromISR
                0x080027d8       0xb8 FreeRTOS_Source\queue.o
                0x080027d8                xQueueGenericSendFromISR
 .text.xQueueGenericReceive
                0x08002890      0x1a0 FreeRTOS_Source\queue.o
                0x08002890                xQueueGenericReceive
 .text.prvCopyDataToQueue
                0x08002a30       0xb8 FreeRTOS_Source\queue.o
 .text.prvCopyDataFromQueue
                0x08002ae8       0x4c FreeRTOS_Source\queue.o
 .text.prvUnlockQueue
                0x08002b34       0x98 FreeRTOS_Source\queue.o
 .text.prvIsQueueEmpty
                0x08002bcc       0x2c FreeRTOS_Source\queue.o
 .text.prvIsQueueFull
                0x08002bf8       0x30 FreeRTOS_Source\queue.o
 .text.vQueueAddToRegistry
                0x08002c28       0x50 FreeRTOS_Source\queue.o
                0x08002c28                vQueueAddToRegistry
 .text.vQueueWaitForMessageRestricted
                0x08002c78       0x54 FreeRTOS_Source\queue.o
                0x08002c78                vQueueWaitForMessageRestricted
 .text.pvPortMalloc
                0x08002ccc       0x78 FreeRTOS_Source\portable\MemMang\heap_1.o
                0x08002ccc                pvPortMalloc
 .text.vPortFree
                0x08002d44       0x14 FreeRTOS_Source\portable\MemMang\heap_1.o
                0x08002d44                vPortFree
 .text.xPortGetFreeHeapSize
                0x08002d58       0x1c FreeRTOS_Source\portable\MemMang\heap_1.o
                0x08002d58                xPortGetFreeHeapSize
 .text.pxPortInitialiseStack
                0x08002d74       0x60 FreeRTOS_Source\portable\GCC\ARM_CM4F\port.o
                0x08002d74                pxPortInitialiseStack
 .text.SVC_Handler
                0x08002dd4       0x1c FreeRTOS_Source\portable\GCC\ARM_CM4F\port.o
                0x08002dd4                SVC_Handler
 .text.vPortStartFirstTask
                0x08002df0       0x14 FreeRTOS_Source\portable\GCC\ARM_CM4F\port.o
 .text.xPortStartScheduler
                0x08002e04       0x4c FreeRTOS_Source\portable\GCC\ARM_CM4F\port.o
                0x08002e04                xPortStartScheduler
 .text.vPortYieldFromISR
                0x08002e50       0x18 FreeRTOS_Source\portable\GCC\ARM_CM4F\port.o
                0x08002e50                vPortYieldFromISR
 .text.vPortEnterCritical
                0x08002e68       0x24 FreeRTOS_Source\portable\GCC\ARM_CM4F\port.o
                0x08002e68                vPortEnterCritical
 .text.vPortExitCritical
                0x08002e8c       0x2c FreeRTOS_Source\portable\GCC\ARM_CM4F\port.o
                0x08002e8c                vPortExitCritical
 .text.PendSV_Handler
                0x08002eb8       0x50 FreeRTOS_Source\portable\GCC\ARM_CM4F\port.o
                0x08002eb8                PendSV_Handler
 .text.SysTick_Handler
                0x08002f08       0x30 FreeRTOS_Source\portable\GCC\ARM_CM4F\port.o
                0x08002f08                SysTick_Handler
 .text.prvSetupTimerInterrupt
                0x08002f38       0x24 FreeRTOS_Source\portable\GCC\ARM_CM4F\port.o
 .text.vPortEnableVFP
                0x08002f5c       0x14 FreeRTOS_Source\portable\GCC\ARM_CM4F\port.o
 .text.vListInitialise
                0x08002f70       0x40 FreeRTOS_Source\list.o
                0x08002f70                vListInitialise
 .text.vListInitialiseItem
                0x08002fb0       0x18 FreeRTOS_Source\list.o
                0x08002fb0                vListInitialiseItem
 .text.vListInsertEnd
                0x08002fc8       0x50 FreeRTOS_Source\list.o
                0x08002fc8                vListInsertEnd
 .text.vListInsert
                0x08003018       0x70 FreeRTOS_Source\list.o
                0x08003018                vListInsert
 .text.vListRemove
                0x08003088       0x50 FreeRTOS_Source\list.o
                0x08003088                vListRemove
 .text.__libc_init_array
                0x080030d8       0x4c c:/program files/atollic/truestudio for arm lite 5.2.2/armtools/bin/../lib/gcc/arm-atollic-eabi/4.8.3/../../../../arm-atollic-eabi/lib/armv7e-m/softfp\libc.a(lib_a-init.o)
                0x080030d8                __libc_init_array
 .text.memcmp   0x08003124       0x1e c:/program files/atollic/truestudio for arm lite 5.2.2/armtools/bin/../lib/gcc/arm-atollic-eabi/4.8.3/../../../../arm-atollic-eabi/lib/armv7e-m/softfp\libc.a(lib_a-memcmp.o)
                0x08003124                memcmp
 .text.memcpy   0x08003142       0x12 c:/program files/atollic/truestudio for arm lite 5.2.2/armtools/bin/../lib/gcc/arm-atollic-eabi/4.8.3/../../../../arm-atollic-eabi/lib/armv7e-m/softfp\libc.a(lib_a-memcpy-stub.o)
                0x08003142                memcpy
 .text.memset   0x08003154       0x10 c:/program files/atollic/truestudio for arm lite 5.2.2/armtools/bin/../lib/gcc/arm-atollic-eabi/4.8.3/../../../../arm-atollic-eabi/lib/armv7e-m/softfp\libc.a(lib_a-memset.o)
                0x08003154                memset
 .text.strncpy  0x08003164       0x24 c:/program files/atollic/truestudio for arm lite 5.2.2/armtools/bin/../lib/gcc/arm-atollic-eabi/4.8.3/../../../../arm-atollic-eabi/lib/armv7e-m/softfp\libc.a(lib_a-strncpy.o)
                0x08003164                strncpy
 *(.rodata)
 .rodata        0x08003188       0x64 src\main.o
 .rodata        0x080031ec        0x8 FreeRTOS_Source\timers.o
 .rodata        0x080031f4        0x8 FreeRTOS_Source\tasks.o
 *(.rodata*)
 .rodata.ucExpectedStackBytes.5911
                0x080031fc       0x14 FreeRTOS_Source\tasks.o
 *(.glue_7)
 .glue_7        0x00000000        0x0 linker stubs
 *(.glue_7t)
 .glue_7t       0x00000000        0x0 linker stubs
 *(.eh_frame)
 .eh_frame      0x08003210        0x0 c:/program files/atollic/truestudio for arm lite 5.2.2/armtools/bin/../lib/gcc/arm-atollic-eabi/4.8.3/armv7e-m/softfp/crtbegin.o
 *(.init)
 .init          0x08003210        0x4 c:/program files/atollic/truestudio for arm lite 5.2.2/armtools/bin/../lib/gcc/arm-atollic-eabi/4.8.3/armv7e-m/softfp/crti.o
                0x08003210                _init
 .init          0x08003214        0x8 c:/program files/atollic/truestudio for arm lite 5.2.2/armtools/bin/../lib/gcc/arm-atollic-eabi/4.8.3/armv7e-m/softfp/crtn.o
 *(.fini)
 .fini          0x0800321c        0x4 c:/program files/atollic/truestudio for arm lite 5.2.2/armtools/bin/../lib/gcc/arm-atollic-eabi/4.8.3/armv7e-m/softfp/crti.o
                0x0800321c                _fini
 .fini          0x08003220        0x8 c:/program files/atollic/truestudio for arm lite 5.2.2/armtools/bin/../lib/gcc/arm-atollic-eabi/4.8.3/armv7e-m/softfp/crtn.o
                0x08003228                . = ALIGN (0x4)
                0x08003228                _etext = .

.vfp11_veneer   0x08003228        0x0
 .vfp11_veneer  0x00000000        0x0 linker stubs

.v4_bx          0x08003228        0x0
 .v4_bx         0x00000000        0x0 linker stubs

.iplt           0x08003228        0x0
 .iplt          0x00000000        0x0 c:/program files/atollic/truestudio for arm lite 5.2.2/armtools/bin/../lib/gcc/arm-atollic-eabi/4.8.3/armv7e-m/softfp/crtbegin.o

.rel.dyn        0x08003228        0x0
 .rel.iplt      0x00000000        0x0 c:/program files/atollic/truestudio for arm lite 5.2.2/armtools/bin/../lib/gcc/arm-atollic-eabi/4.8.3/armv7e-m/softfp/crtbegin.o

.ARM.extab
 *(.ARM.extab* .gnu.linkonce.armextab.*)

.ARM            0x08003228        0x0
                0x08003228                __exidx_start = .
 *(.ARM.exidx*)
                0x08003228                __exidx_end = .

.preinit_array  0x08003228        0x0
                0x08003228                PROVIDE (__preinit_array_start, .)
 *(.preinit_array*)
                0x08003228                PROVIDE (__preinit_array_end, .)

.init_array     0x08003228        0x4
                0x08003228                PROVIDE (__init_array_start, .)
 *(SORT(.init_array.*))
 *(.init_array*)
 .init_array    0x08003228        0x4 c:/program files/atollic/truestudio for arm lite 5.2.2/armtools/bin/../lib/gcc/arm-atollic-eabi/4.8.3/armv7e-m/softfp/crtbegin.o
                0x0800322c                PROVIDE (__init_array_end, .)

.fini_array     0x0800322c        0x4
                0x0800322c                PROVIDE (__fini_array_start, .)
 *(SORT(.fini_array.*))
 *(.fini_array*)
 .fini_array    0x0800322c        0x4 c:/program files/atollic/truestudio for arm lite 5.2.2/armtools/bin/../lib/gcc/arm-atollic-eabi/4.8.3/armv7e-m/softfp/crtbegin.o
                0x08003230                PROVIDE (__fini_array_end, .)
                0x08003230                _sidata = LOADADDR (.data)

.data           0x20000000       0x28 load address 0x08003230
                0x20000000                . = ALIGN (0x4)
                0x20000000                _sdata = .
 *(.data)
 *(.data*)
 .data.AudioRemSize
                0x20000000        0x4 Utilities\STM32F4-Discovery\stm32f4_discovery_audio_codec.o
                0x20000000                AudioRemSize
 .data.CurrAudioInterface
                0x20000004        0x4 Utilities\STM32F4-Discovery\stm32f4_discovery_audio_codec.o
                0x20000004                CurrAudioInterface
 .data.AUDIO_MAL_DMA_STREAM
                0x20000008        0x4 Utilities\STM32F4-Discovery\stm32f4_discovery_audio_codec.o
                0x20000008                AUDIO_MAL_DMA_STREAM
 .data.AUDIO_MAL_DMA_FLAG_TC
                0x2000000c        0x4 Utilities\STM32F4-Discovery\stm32f4_discovery_audio_codec.o
                0x2000000c                AUDIO_MAL_DMA_FLAG_TC
 .data.APBAHBPrescTable
                0x20000010       0x10 Libraries\STM32F4xx_StdPeriph_Driver\src\stm32f4xx_rcc.o
 .data.xNextTaskUnblockTime
                0x20000020        0x4 FreeRTOS_Source\tasks.o
 .data.uxCriticalNesting
                0x20000024        0x4 FreeRTOS_Source\portable\GCC\ARM_CM4F\port.o
                0x20000028                . = ALIGN (0x4)
                0x20000028                _edata = .
                0x08003258                _siccmram = LOADADDR (.ccmram)

.igot.plt       0x20000028        0x0 load address 0x08003258
 .igot.plt      0x00000000        0x0 c:/program files/atollic/truestudio for arm lite 5.2.2/armtools/bin/../lib/gcc/arm-atollic-eabi/4.8.3/armv7e-m/softfp/crtbegin.o

.ccmram         0x10000000        0x0 load address 0x08003258
                0x10000000                . = ALIGN (0x4)
                0x10000000                _sccmram = .
 *(.ccmram)
 *(.ccmram*)
                0x10000000                . = ALIGN (0x4)
                0x10000000                _eccmram = .
                0x10000000                . = ALIGN (0x4)

.bss            0x20000028     0x1e70
                0x20000028                _sbss = .
                0x20000028                __bss_start__ = _sbss
 *(.bss)
 .bss           0x20000028       0x1c c:/program files/atollic/truestudio for arm lite 5.2.2/armtools/bin/../lib/gcc/arm-atollic-eabi/4.8.3/armv7e-m/softfp/crtbegin.o
 *(.bss*)
 .bss.xQueue    0x20000044        0x4 src\main.o
 .bss.xEventSemaphore
                0x20000048        0x4 src\main.o
 .bss.ulCountOfTimerCallbackExecutions
                0x2000004c        0x4 src\main.o
 .bss.ulCountOfItemsReceivedOnQueue
                0x20000050        0x4 src\main.o
 .bss.ulCountOfReceivedSemaphores
                0x20000054        0x4 src\main.o
 .bss.ulCount.7689
                0x20000058        0x4 src\main.o
 .bss.xActiveTimerList1
                0x2000005c       0x14 FreeRTOS_Source\timers.o
 .bss.xActiveTimerList2
                0x20000070       0x14 FreeRTOS_Source\timers.o
 .bss.pxCurrentTimerList
                0x20000084        0x4 FreeRTOS_Source\timers.o
 .bss.pxOverflowTimerList
                0x20000088        0x4 FreeRTOS_Source\timers.o
 .bss.xTimerQueue
                0x2000008c        0x4 FreeRTOS_Source\timers.o
 .bss.xLastTime.4426
                0x20000090        0x4 FreeRTOS_Source\timers.o
 .bss.pxCurrentTCB
                0x20000094        0x4 FreeRTOS_Source\tasks.o
                0x20000094                pxCurrentTCB
 .bss.pxReadyTasksLists
                0x20000098       0x64 FreeRTOS_Source\tasks.o
 .bss.xDelayedTaskList1
                0x200000fc       0x14 FreeRTOS_Source\tasks.o
 .bss.xDelayedTaskList2
                0x20000110       0x14 FreeRTOS_Source\tasks.o
 .bss.pxDelayedTaskList
                0x20000124        0x4 FreeRTOS_Source\tasks.o
 .bss.pxOverflowDelayedTaskList
                0x20000128        0x4 FreeRTOS_Source\tasks.o
 .bss.xPendingReadyList
                0x2000012c       0x14 FreeRTOS_Source\tasks.o
 .bss.xTasksWaitingTermination
                0x20000140       0x14 FreeRTOS_Source\tasks.o
 .bss.uxTasksDeleted
                0x20000154        0x4 FreeRTOS_Source\tasks.o
 .bss.xSuspendedTaskList
                0x20000158       0x14 FreeRTOS_Source\tasks.o
 .bss.uxCurrentNumberOfTasks
                0x2000016c        0x4 FreeRTOS_Source\tasks.o
 .bss.xTickCount
                0x20000170        0x4 FreeRTOS_Source\tasks.o
 .bss.uxTopUsedPriority
                0x20000174        0x4 FreeRTOS_Source\tasks.o
 .bss.uxTopReadyPriority
                0x20000178        0x4 FreeRTOS_Source\tasks.o
 .bss.xSchedulerRunning
                0x2000017c        0x4 FreeRTOS_Source\tasks.o
 .bss.uxSchedulerSuspended
                0x20000180        0x4 FreeRTOS_Source\tasks.o
 .bss.uxMissedTicks
                0x20000184        0x4 FreeRTOS_Source\tasks.o
 .bss.xMissedYield
                0x20000188        0x4 FreeRTOS_Source\tasks.o
 .bss.xNumOfOverflows
                0x2000018c        0x4 FreeRTOS_Source\tasks.o
 .bss.uxTaskNumber
                0x20000190        0x4 FreeRTOS_Source\tasks.o
 *fill*         0x20000194        0x4 
 .bss.xHeap     0x20000198     0x1c00 FreeRTOS_Source\portable\MemMang\heap_1.o
 .bss.xNextFreeByte
                0x20001d98        0x4 FreeRTOS_Source\portable\MemMang\heap_1.o
 *(COMMON)
 COMMON         0x20001d9c       0x7c Utilities\STM32F4-Discovery\stm32f4_discovery_audio_codec.o
                0x20001d9c                CurrentPos
                0x20001da0                AUDIO_MAL_DMA_InitStructure
                0x20001ddc                DMA_InitStructure
 COMMON         0x20001e18       0x80 FreeRTOS_Source\queue.o
                0x20001e18                xQueueRegistry
                0x20001e98                . = ALIGN (0x4)
                0x20001e98                _ebss = .
                0x20001e98                __bss_end__ = _ebss

._user_heap_stack
                0x20001e98      0x400
                0x20001e98                . = ALIGN (0x4)
                0x20001e98                PROVIDE (end, .)
                0x20001e98                PROVIDE (_end, .)
                0x20001e98                . = (. + _Min_Heap_Size)
                0x20002298                . = (. + _Min_Stack_Size)
 *fill*         0x20001e98      0x400 
                0x20002298                . = ALIGN (0x4)

.memory_b1_text
 *(.mb1text)
 *(.mb1text*)
 *(.mb1rodata)
 *(.mb1rodata*)

/DISCARD/
 libc.a(*)
 libm.a(*)
 libgcc.a(*)

.ARM.attributes
                0x00000000       0x2e
 *(.ARM.attributes)
 .ARM.attributes
                0x00000000       0x22 c:/program files/atollic/truestudio for arm lite 5.2.2/armtools/bin/../lib/gcc/arm-atollic-eabi/4.8.3/armv7e-m/softfp/crti.o
 .ARM.attributes
                0x00000022       0x32 c:/program files/atollic/truestudio for arm lite 5.2.2/armtools/bin/../lib/gcc/arm-atollic-eabi/4.8.3/armv7e-m/softfp/crtbegin.o
 .ARM.attributes
                0x00000054       0x37 src\system_stm32f4xx.o
 .ARM.attributes
                0x0000008b       0x37 src\stm32f4xx_it.o
 .ARM.attributes
                0x000000c2       0x21 src\startup_stm32f4xx.o
 .ARM.attributes
                0x000000e3       0x37 src\main.o
 .ARM.attributes
                0x0000011a       0x37 src\STM32F4-Discovery_callback.o
 .ARM.attributes
                0x00000151       0x37 Utilities\STM32F4-Discovery\stm32f4_discovery_audio_codec.o
 .ARM.attributes
                0x00000188       0x37 Libraries\STM32F4xx_StdPeriph_Driver\src\stm32f4xx_usart.o
 .ARM.attributes
                0x000001bf       0x37 Libraries\STM32F4xx_StdPeriph_Driver\src\stm32f4xx_spi.o
 .ARM.attributes
                0x000001f6       0x37 Libraries\STM32F4xx_StdPeriph_Driver\src\stm32f4xx_rcc.o
 .ARM.attributes
                0x0000022d       0x37 Libraries\STM32F4xx_StdPeriph_Driver\src\stm32f4xx_gpio.o
 .ARM.attributes
                0x00000264       0x37 Libraries\STM32F4xx_StdPeriph_Driver\src\stm32f4xx_dma.o
 .ARM.attributes
                0x0000029b       0x37 Libraries\STM32F4xx_StdPeriph_Driver\src\stm32f4xx_dac.o
 .ARM.attributes
                0x000002d2       0x37 FreeRTOS_Source\timers.o
 .ARM.attributes
                0x00000309       0x37 FreeRTOS_Source\tasks.o
 .ARM.attributes
                0x00000340       0x37 FreeRTOS_Source\queue.o
 .ARM.attributes
                0x00000377       0x37 FreeRTOS_Source\portable\MemMang\heap_1.o
 .ARM.attributes
                0x000003ae       0x37 FreeRTOS_Source\portable\GCC\ARM_CM4F\port.o
 .ARM.attributes
                0x000003e5       0x37 FreeRTOS_Source\list.o
 .ARM.attributes
                0x0000041c       0x32 c:/program files/atollic/truestudio for arm lite 5.2.2/armtools/bin/../lib/gcc/arm-atollic-eabi/4.8.3/../../../../arm-atollic-eabi/lib/armv7e-m/softfp\libc.a(lib_a-init.o)
 .ARM.attributes
                0x0000044e       0x32 c:/program files/atollic/truestudio for arm lite 5.2.2/armtools/bin/../lib/gcc/arm-atollic-eabi/4.8.3/../../../../arm-atollic-eabi/lib/armv7e-m/softfp\libc.a(lib_a-memcmp.o)
 .ARM.attributes
                0x00000480       0x32 c:/program files/atollic/truestudio for arm lite 5.2.2/armtools/bin/../lib/gcc/arm-atollic-eabi/4.8.3/../../../../arm-atollic-eabi/lib/armv7e-m/softfp\libc.a(lib_a-memcpy-stub.o)
 .ARM.attributes
                0x000004b2       0x32 c:/program files/atollic/truestudio for arm lite 5.2.2/armtools/bin/../lib/gcc/arm-atollic-eabi/4.8.3/../../../../arm-atollic-eabi/lib/armv7e-m/softfp\libc.a(lib_a-memset.o)
 .ARM.attributes
                0x000004e4       0x32 c:/program files/atollic/truestudio for arm lite 5.2.2/armtools/bin/../lib/gcc/arm-atollic-eabi/4.8.3/../../../../arm-atollic-eabi/lib/armv7e-m/softfp\libc.a(lib_a-strncpy.o)
 .ARM.attributes
                0x00000516       0x22 c:/program files/atollic/truestudio for arm lite 5.2.2/armtools/bin/../lib/gcc/arm-atollic-eabi/4.8.3/armv7e-m/softfp/crtn.o
OUTPUT(STM32F4_Discovery_FreeRTOS_Simple_Demo.elf elf32-littlearm)

.debug_info     0x00000000     0x78a6
 .debug_info    0x00000000      0x596 src\system_stm32f4xx.o
 .debug_info    0x00000596      0x100 src\stm32f4xx_it.o
 .debug_info    0x00000696       0x77 src\startup_stm32f4xx.o
 .debug_info    0x0000070d      0x8e4 src\main.o
 .debug_info    0x00000ff1      0x122 src\STM32F4-Discovery_callback.o
 .debug_info    0x00001113     0x1076 Utilities\STM32F4-Discovery\stm32f4_discovery_audio_codec.o
 .debug_info    0x00002189      0x9c6 Libraries\STM32F4xx_StdPeriph_Driver\src\stm32f4xx_usart.o
 .debug_info    0x00002b4f      0xb0b Libraries\STM32F4xx_StdPeriph_Driver\src\stm32f4xx_spi.o
 .debug_info    0x0000365a      0xc51 Libraries\STM32F4xx_StdPeriph_Driver\src\stm32f4xx_rcc.o
 .debug_info    0x000042ab      0x609 Libraries\STM32F4xx_StdPeriph_Driver\src\stm32f4xx_gpio.o
 .debug_info    0x000048b4      0x73d Libraries\STM32F4xx_StdPeriph_Driver\src\stm32f4xx_dma.o
 .debug_info    0x00004ff1      0x641 Libraries\STM32F4xx_StdPeriph_Driver\src\stm32f4xx_dac.o
 .debug_info    0x00005632      0x6e4 FreeRTOS_Source\timers.o
 .debug_info    0x00005d16      0xd71 FreeRTOS_Source\tasks.o
 .debug_info    0x00006a87      0x85a FreeRTOS_Source\queue.o
 .debug_info    0x000072e1      0x17a FreeRTOS_Source\portable\MemMang\heap_1.o
 .debug_info    0x0000745b      0x1c8 FreeRTOS_Source\portable\GCC\ARM_CM4F\port.o
 .debug_info    0x00007623      0x283 FreeRTOS_Source\list.o

.debug_abbrev   0x00000000     0x17c5
 .debug_abbrev  0x00000000      0x138 src\system_stm32f4xx.o
 .debug_abbrev  0x00000138       0x67 src\stm32f4xx_it.o
 .debug_abbrev  0x0000019f       0x12 src\startup_stm32f4xx.o
 .debug_abbrev  0x000001b1      0x212 src\main.o
 .debug_abbrev  0x000003c3       0x92 src\STM32F4-Discovery_callback.o
 .debug_abbrev  0x00000455      0x258 Utilities\STM32F4-Discovery\stm32f4_discovery_audio_codec.o
 .debug_abbrev  0x000006ad      0x157 Libraries\STM32F4xx_StdPeriph_Driver\src\stm32f4xx_usart.o
 .debug_abbrev  0x00000804      0x169 Libraries\STM32F4xx_StdPeriph_Driver\src\stm32f4xx_spi.o
 .debug_abbrev  0x0000096d      0x1e5 Libraries\STM32F4xx_StdPeriph_Driver\src\stm32f4xx_rcc.o
 .debug_abbrev  0x00000b52      0x1a5 Libraries\STM32F4xx_StdPeriph_Driver\src\stm32f4xx_gpio.o
 .debug_abbrev  0x00000cf7      0x157 Libraries\STM32F4xx_StdPeriph_Driver\src\stm32f4xx_dma.o
 .debug_abbrev  0x00000e4e      0x17e Libraries\STM32F4xx_StdPeriph_Driver\src\stm32f4xx_dac.o
 .debug_abbrev  0x00000fcc      0x175 FreeRTOS_Source\timers.o
 .debug_abbrev  0x00001141      0x1e0 FreeRTOS_Source\tasks.o
 .debug_abbrev  0x00001321      0x17e FreeRTOS_Source\queue.o
 .debug_abbrev  0x0000149f      0x122 FreeRTOS_Source\portable\MemMang\heap_1.o
 .debug_abbrev  0x000015c1      0x148 FreeRTOS_Source\portable\GCC\ARM_CM4F\port.o
 .debug_abbrev  0x00001709       0xbc FreeRTOS_Source\list.o

.debug_aranges  0x00000000      0xb30
 .debug_aranges
                0x00000000       0x30 src\system_stm32f4xx.o
 .debug_aranges
                0x00000030       0x48 src\stm32f4xx_it.o
 .debug_aranges
                0x00000078       0x28 src\startup_stm32f4xx.o
 .debug_aranges
                0x000000a0       0x98 src\main.o
 .debug_aranges
                0x00000138       0x30 src\STM32F4-Discovery_callback.o
 .debug_aranges
                0x00000168      0x130 Utilities\STM32F4-Discovery\stm32f4_discovery_audio_codec.o
 .debug_aranges
                0x00000298      0x100 Libraries\STM32F4xx_StdPeriph_Driver\src\stm32f4xx_usart.o
 .debug_aranges
                0x00000398       0xe0 Libraries\STM32F4xx_StdPeriph_Driver\src\stm32f4xx_spi.o
 .debug_aranges
                0x00000478      0x178 Libraries\STM32F4xx_StdPeriph_Driver\src\stm32f4xx_rcc.o
 .debug_aranges
                0x000005f0       0x88 Libraries\STM32F4xx_StdPeriph_Driver\src\stm32f4xx_gpio.o
 .debug_aranges
                0x00000678       0xb0 Libraries\STM32F4xx_StdPeriph_Driver\src\stm32f4xx_dma.o
 .debug_aranges
                0x00000728       0xa0 Libraries\STM32F4xx_StdPeriph_Driver\src\stm32f4xx_dac.o
 .debug_aranges
                0x000007c8       0x88 FreeRTOS_Source\timers.o
 .debug_aranges
                0x00000850      0x138 FreeRTOS_Source\tasks.o
 .debug_aranges
                0x00000988       0xb8 FreeRTOS_Source\queue.o
 .debug_aranges
                0x00000a40       0x38 FreeRTOS_Source\portable\MemMang\heap_1.o
 .debug_aranges
                0x00000a78       0x78 FreeRTOS_Source\portable\GCC\ARM_CM4F\port.o
 .debug_aranges
                0x00000af0       0x40 FreeRTOS_Source\list.o

.debug_ranges   0x00000000      0xa18
 .debug_ranges  0x00000000       0x20 src\system_stm32f4xx.o
 .debug_ranges  0x00000020       0x38 src\stm32f4xx_it.o
 .debug_ranges  0x00000058       0x20 src\startup_stm32f4xx.o
 .debug_ranges  0x00000078       0x88 src\main.o
 .debug_ranges  0x00000100       0x20 src\STM32F4-Discovery_callback.o
 .debug_ranges  0x00000120      0x120 Utilities\STM32F4-Discovery\stm32f4_discovery_audio_codec.o
 .debug_ranges  0x00000240       0xf0 Libraries\STM32F4xx_StdPeriph_Driver\src\stm32f4xx_usart.o
 .debug_ranges  0x00000330       0xd0 Libraries\STM32F4xx_StdPeriph_Driver\src\stm32f4xx_spi.o
 .debug_ranges  0x00000400      0x168 Libraries\STM32F4xx_StdPeriph_Driver\src\stm32f4xx_rcc.o
 .debug_ranges  0x00000568       0x78 Libraries\STM32F4xx_StdPeriph_Driver\src\stm32f4xx_gpio.o
 .debug_ranges  0x000005e0       0xa0 Libraries\STM32F4xx_StdPeriph_Driver\src\stm32f4xx_dma.o
 .debug_ranges  0x00000680       0x90 Libraries\STM32F4xx_StdPeriph_Driver\src\stm32f4xx_dac.o
 .debug_ranges  0x00000710       0x78 FreeRTOS_Source\timers.o
 .debug_ranges  0x00000788      0x128 FreeRTOS_Source\tasks.o
 .debug_ranges  0x000008b0       0xa8 FreeRTOS_Source\queue.o
 .debug_ranges  0x00000958       0x28 FreeRTOS_Source\portable\MemMang\heap_1.o
 .debug_ranges  0x00000980       0x68 FreeRTOS_Source\portable\GCC\ARM_CM4F\port.o
 .debug_ranges  0x000009e8       0x30 FreeRTOS_Source\list.o

.debug_line     0x00000000     0x3b24
 .debug_line    0x00000000      0x1f2 src\system_stm32f4xx.o
 .debug_line    0x000001f2      0x1ad src\stm32f4xx_it.o
 .debug_line    0x0000039f       0x77 src\startup_stm32f4xx.o
 .debug_line    0x00000416      0x466 src\main.o
 .debug_line    0x0000087c      0x17d src\STM32F4-Discovery_callback.o
 .debug_line    0x000009f9      0x6e0 Utilities\STM32F4-Discovery\stm32f4_discovery_audio_codec.o
 .debug_line    0x000010d9      0x48a Libraries\STM32F4xx_StdPeriph_Driver\src\stm32f4xx_usart.o
 .debug_line    0x00001563      0x43a Libraries\STM32F4xx_StdPeriph_Driver\src\stm32f4xx_spi.o
 .debug_line    0x0000199d      0x582 Libraries\STM32F4xx_StdPeriph_Driver\src\stm32f4xx_rcc.o
 .debug_line    0x00001f1f      0x327 Libraries\STM32F4xx_StdPeriph_Driver\src\stm32f4xx_gpio.o
 .debug_line    0x00002246      0x3c4 Libraries\STM32F4xx_StdPeriph_Driver\src\stm32f4xx_dma.o
 .debug_line    0x0000260a      0x340 Libraries\STM32F4xx_StdPeriph_Driver\src\stm32f4xx_dac.o
 .debug_line    0x0000294a      0x280 FreeRTOS_Source\timers.o
 .debug_line    0x00002bca      0x70c FreeRTOS_Source\tasks.o
 .debug_line    0x000032d6      0x4a1 FreeRTOS_Source\queue.o
 .debug_line    0x00003777      0x11b FreeRTOS_Source\portable\MemMang\heap_1.o
 .debug_line    0x00003892      0x177 FreeRTOS_Source\portable\GCC\ARM_CM4F\port.o
 .debug_line    0x00003a09      0x11b FreeRTOS_Source\list.o

.debug_str      0x00000000     0x3904
 .debug_str     0x00000000      0x382 src\system_stm32f4xx.o
                                0x3f6 (size before relaxing)
 .debug_str     0x00000382       0x7b src\stm32f4xx_it.o
                                0x21b (size before relaxing)
 .debug_str     0x000003fd      0x4f7 src\main.o
                                0x798 (size before relaxing)
 .debug_str     0x000008f4       0x8c src\STM32F4-Discovery_callback.o
                                0x259 (size before relaxing)
 .debug_str     0x00000980      0xcb0 Utilities\STM32F4-Discovery\stm32f4_discovery_audio_codec.o
                               0x10cf (size before relaxing)
 .debug_str     0x00001630      0x410 Libraries\STM32F4xx_StdPeriph_Driver\src\stm32f4xx_usart.o
                                0x6fa (size before relaxing)
 .debug_str     0x00001a40      0x318 Libraries\STM32F4xx_StdPeriph_Driver\src\stm32f4xx_spi.o
                                0x6f5 (size before relaxing)
 .debug_str     0x00001d58      0x50a Libraries\STM32F4xx_StdPeriph_Driver\src\stm32f4xx_rcc.o
                                0x8bb (size before relaxing)
 .debug_str     0x00002262      0x15e Libraries\STM32F4xx_StdPeriph_Driver\src\stm32f4xx_gpio.o
                                0x50e (size before relaxing)
 .debug_str     0x000023c0      0x25a Libraries\STM32F4xx_StdPeriph_Driver\src\stm32f4xx_dma.o
                                0x5ad (size before relaxing)
 .debug_str     0x0000261a      0x225 Libraries\STM32F4xx_StdPeriph_Driver\src\stm32f4xx_dac.o
                                0x4be (size before relaxing)
 .debug_str     0x0000283f      0x3eb FreeRTOS_Source\timers.o
                                0x59e (size before relaxing)
 .debug_str     0x00002c2a      0x6f9 FreeRTOS_Source\tasks.o
                                0x986 (size before relaxing)
 .debug_str     0x00003323      0x342 FreeRTOS_Source\queue.o
                                0x619 (size before relaxing)
 .debug_str     0x00003665       0xb8 FreeRTOS_Source\portable\MemMang\heap_1.o
                                0x262 (size before relaxing)
 .debug_str     0x0000371d      0x13a FreeRTOS_Source\portable\GCC\ARM_CM4F\port.o
                                0x2b1 (size before relaxing)
 .debug_str     0x00003857       0xad FreeRTOS_Source\list.o
                                0x2d1 (size before relaxing)

.comment        0x00000000       0x83
 .comment       0x00000000       0x83 src\system_stm32f4xx.o
                                 0x84 (size before relaxing)
 .comment       0x00000000       0x84 src\stm32f4xx_it.o
 .comment       0x00000000       0x84 src\main.o
 .comment       0x00000000       0x84 src\STM32F4-Discovery_callback.o
 .comment       0x00000000       0x84 Utilities\STM32F4-Discovery\stm32f4_discovery_audio_codec.o
 .comment       0x00000000       0x84 Libraries\STM32F4xx_StdPeriph_Driver\src\stm32f4xx_usart.o
 .comment       0x00000000       0x84 Libraries\STM32F4xx_StdPeriph_Driver\src\stm32f4xx_spi.o
 .comment       0x00000000       0x84 Libraries\STM32F4xx_StdPeriph_Driver\src\stm32f4xx_rcc.o
 .comment       0x00000000       0x84 Libraries\STM32F4xx_StdPeriph_Driver\src\stm32f4xx_gpio.o
 .comment       0x00000000       0x84 Libraries\STM32F4xx_StdPeriph_Driver\src\stm32f4xx_dma.o
 .comment       0x00000000       0x84 Libraries\STM32F4xx_StdPeriph_Driver\src\stm32f4xx_dac.o
 .comment       0x00000000       0x84 FreeRTOS_Source\timers.o
 .comment       0x00000000       0x84 FreeRTOS_Source\tasks.o
 .comment       0x00000000       0x84 FreeRTOS_Source\queue.o
 .comment       0x00000000       0x84 FreeRTOS_Source\portable\MemMang\heap_1.o
 .comment       0x00000000       0x84 FreeRTOS_Source\portable\GCC\ARM_CM4F\port.o
 .comment       0x00000000       0x84 FreeRTOS_Source\list.o

.debug_frame    0x00000000     0x23c8
 .debug_frame   0x00000000       0x64 src\system_stm32f4xx.o
 .debug_frame   0x00000064       0xa0 src\stm32f4xx_it.o
 .debug_frame   0x00000104      0x1f8 src\main.o
 .debug_frame   0x000002fc       0x5c src\STM32F4-Discovery_callback.o
 .debug_frame   0x00000358      0x438 Utilities\STM32F4-Discovery\stm32f4_discovery_audio_codec.o
 .debug_frame   0x00000790      0x344 Libraries\STM32F4xx_StdPeriph_Driver\src\stm32f4xx_usart.o
 .debug_frame   0x00000ad4      0x2d0 Libraries\STM32F4xx_StdPeriph_Driver\src\stm32f4xx_spi.o
 .debug_frame   0x00000da4      0x4d8 Libraries\STM32F4xx_StdPeriph_Driver\src\stm32f4xx_rcc.o
 .debug_frame   0x0000127c      0x19c Libraries\STM32F4xx_StdPeriph_Driver\src\stm32f4xx_gpio.o
 .debug_frame   0x00001418      0x224 Libraries\STM32F4xx_StdPeriph_Driver\src\stm32f4xx_dma.o
 .debug_frame   0x0000163c      0x1ec Libraries\STM32F4xx_StdPeriph_Driver\src\stm32f4xx_dac.o
 .debug_frame   0x00001828      0x1c4 FreeRTOS_Source\timers.o
 .debug_frame   0x000019ec      0x460 FreeRTOS_Source\tasks.o
 .debug_frame   0x00001e4c      0x27c FreeRTOS_Source\queue.o
 .debug_frame   0x000020c8       0x7c FreeRTOS_Source\portable\MemMang\heap_1.o
 .debug_frame   0x00002144      0x120 FreeRTOS_Source\portable\GCC\ARM_CM4F\port.o
 .debug_frame   0x00002264       0x9c FreeRTOS_Source\list.o
 .debug_frame   0x00002300       0x2c c:/program files/atollic/truestudio for arm lite 5.2.2/armtools/bin/../lib/gcc/arm-atollic-eabi/4.8.3/../../../../arm-atollic-eabi/lib/armv7e-m/softfp\libc.a(lib_a-init.o)
 .debug_frame   0x0000232c       0x2c c:/program files/atollic/truestudio for arm lite 5.2.2/armtools/bin/../lib/gcc/arm-atollic-eabi/4.8.3/../../../../arm-atollic-eabi/lib/armv7e-m/softfp\libc.a(lib_a-memcmp.o)
 .debug_frame   0x00002358       0x28 c:/program files/atollic/truestudio for arm lite 5.2.2/armtools/bin/../lib/gcc/arm-atollic-eabi/4.8.3/../../../../arm-atollic-eabi/lib/armv7e-m/softfp\libc.a(lib_a-memcpy-stub.o)
 .debug_frame   0x00002380       0x20 c:/program files/atollic/truestudio for arm lite 5.2.2/armtools/bin/../lib/gcc/arm-atollic-eabi/4.8.3/../../../../arm-atollic-eabi/lib/armv7e-m/softfp\libc.a(lib_a-memset.o)
 .debug_frame   0x000023a0       0x28 c:/program files/atollic/truestudio for arm lite 5.2.2/armtools/bin/../lib/gcc/arm-atollic-eabi/4.8.3/../../../../arm-atollic-eabi/lib/armv7e-m/softfp\libc.a(lib_a-strncpy.o)

Cross Reference Table

Symbol                                            File
ADC_AnalogWatchdogCmd                             Libraries\STM32F4xx_StdPeriph_Driver\src\stm32f4xx_adc.o
ADC_AnalogWatchdogSingleChannelConfig             Libraries\STM32F4xx_StdPeriph_Driver\src\stm32f4xx_adc.o
ADC_AnalogWatchdogThresholdsConfig                Libraries\STM32F4xx_StdPeriph_Driver\src\stm32f4xx_adc.o
ADC_AutoInjectedConvCmd                           Libraries\STM32F4xx_StdPeriph_Driver\src\stm32f4xx_adc.o
ADC_ClearFlag                                     Libraries\STM32F4xx_StdPeriph_Driver\src\stm32f4xx_adc.o
ADC_ClearITPendingBit                             Libraries\STM32F4xx_StdPeriph_Driver\src\stm32f4xx_adc.o
ADC_Cmd                                           Libraries\STM32F4xx_StdPeriph_Driver\src\stm32f4xx_adc.o
ADC_CommonInit                                    Libraries\STM32F4xx_StdPeriph_Driver\src\stm32f4xx_adc.o
ADC_CommonStructInit                              Libraries\STM32F4xx_StdPeriph_Driver\src\stm32f4xx_adc.o
ADC_ContinuousModeCmd                             Libraries\STM32F4xx_StdPeriph_Driver\src\stm32f4xx_adc.o
ADC_DMACmd                                        Libraries\STM32F4xx_StdPeriph_Driver\src\stm32f4xx_adc.o
ADC_DMARequestAfterLastTransferCmd                Libraries\STM32F4xx_StdPeriph_Driver\src\stm32f4xx_adc.o
ADC_DeInit                                        Libraries\STM32F4xx_StdPeriph_Driver\src\stm32f4xx_adc.o
ADC_DiscModeChannelCountConfig                    Libraries\STM32F4xx_StdPeriph_Driver\src\stm32f4xx_adc.o
ADC_DiscModeCmd                                   Libraries\STM32F4xx_StdPeriph_Driver\src\stm32f4xx_adc.o
ADC_EOCOnEachRegularChannelCmd                    Libraries\STM32F4xx_StdPeriph_Driver\src\stm32f4xx_adc.o
ADC_ExternalTrigInjectedConvConfig                Libraries\STM32F4xx_StdPeriph_Driver\src\stm32f4xx_adc.o
ADC_ExternalTrigInjectedConvEdgeConfig            Libraries\STM32F4xx_StdPeriph_Driver\src\stm32f4xx_adc.o
ADC_GetConversionValue                            Libraries\STM32F4xx_StdPeriph_Driver\src\stm32f4xx_adc.o
ADC_GetFlagStatus                                 Libraries\STM32F4xx_StdPeriph_Driver\src\stm32f4xx_adc.o
ADC_GetITStatus                                   Libraries\STM32F4xx_StdPeriph_Driver\src\stm32f4xx_adc.o
ADC_GetInjectedConversionValue                    Libraries\STM32F4xx_StdPeriph_Driver\src\stm32f4xx_adc.o
ADC_GetMultiModeConversionValue                   Libraries\STM32F4xx_StdPeriph_Driver\src\stm32f4xx_adc.o
ADC_GetSoftwareStartConvStatus                    Libraries\STM32F4xx_StdPeriph_Driver\src\stm32f4xx_adc.o
ADC_GetSoftwareStartInjectedConvCmdStatus         Libraries\STM32F4xx_StdPeriph_Driver\src\stm32f4xx_adc.o
ADC_IRQHandler                                    src\startup_stm32f4xx.o
ADC_ITConfig                                      Libraries\STM32F4xx_StdPeriph_Driver\src\stm32f4xx_adc.o
ADC_Init                                          Libraries\STM32F4xx_StdPeriph_Driver\src\stm32f4xx_adc.o
ADC_InjectedChannelConfig                         Libraries\STM32F4xx_StdPeriph_Driver\src\stm32f4xx_adc.o
ADC_InjectedDiscModeCmd                           Libraries\STM32F4xx_StdPeriph_Driver\src\stm32f4xx_adc.o
ADC_InjectedSequencerLengthConfig                 Libraries\STM32F4xx_StdPeriph_Driver\src\stm32f4xx_adc.o
ADC_MultiModeDMARequestAfterLastTransferCmd       Libraries\STM32F4xx_StdPeriph_Driver\src\stm32f4xx_adc.o
ADC_RegularChannelConfig                          Libraries\STM32F4xx_StdPeriph_Driver\src\stm32f4xx_adc.o
ADC_SetInjectedOffset                             Libraries\STM32F4xx_StdPeriph_Driver\src\stm32f4xx_adc.o
ADC_SoftwareStartConv                             Libraries\STM32F4xx_StdPeriph_Driver\src\stm32f4xx_adc.o
ADC_SoftwareStartInjectedConv                     Libraries\STM32F4xx_StdPeriph_Driver\src\stm32f4xx_adc.o
ADC_StructInit                                    Libraries\STM32F4xx_StdPeriph_Driver\src\stm32f4xx_adc.o
ADC_TempSensorVrefintCmd                          Libraries\STM32F4xx_StdPeriph_Driver\src\stm32f4xx_adc.o
ADC_VBATCmd                                       Libraries\STM32F4xx_StdPeriph_Driver\src\stm32f4xx_adc.o
AHBPrescTable                                     src\system_stm32f4xx.o
AUDIO_MAL_DMA_CHANNEL                             Utilities\STM32F4-Discovery\stm32f4_discovery_audio_codec.o
AUDIO_MAL_DMA_CLOCK                               Utilities\STM32F4-Discovery\stm32f4_discovery_audio_codec.o
AUDIO_MAL_DMA_DREG                                Utilities\STM32F4-Discovery\stm32f4_discovery_audio_codec.o
AUDIO_MAL_DMA_FLAG_DME                            Utilities\STM32F4-Discovery\stm32f4_discovery_audio_codec.o
AUDIO_MAL_DMA_FLAG_FE                             Utilities\STM32F4-Discovery\stm32f4_discovery_audio_codec.o
AUDIO_MAL_DMA_FLAG_HT                             Utilities\STM32F4-Discovery\stm32f4_discovery_audio_codec.o
AUDIO_MAL_DMA_FLAG_TC                             Utilities\STM32F4-Discovery\stm32f4_discovery_audio_codec.o
AUDIO_MAL_DMA_FLAG_TE                             Utilities\STM32F4-Discovery\stm32f4_discovery_audio_codec.o
AUDIO_MAL_DMA_IRQ                                 Utilities\STM32F4-Discovery\stm32f4_discovery_audio_codec.o
AUDIO_MAL_DMA_InitStructure                       Utilities\STM32F4-Discovery\stm32f4_discovery_audio_codec.o
AUDIO_MAL_DMA_STREAM                              Utilities\STM32F4-Discovery\stm32f4_discovery_audio_codec.o
AudioRemSize                                      Utilities\STM32F4-Discovery\stm32f4_discovery_audio_codec.o
AudioTotalSize                                    Utilities\STM32F4-Discovery\stm32f4_discovery_audio_codec.o
Audio_MAL_Play                                    Utilities\STM32F4-Discovery\stm32f4_discovery_audio_codec.o
BUTTON_CLK                                        Utilities\STM32F4-Discovery\stm32f4_discovery.o
BUTTON_EXTI_LINE                                  Utilities\STM32F4-Discovery\stm32f4_discovery.o
BUTTON_IRQn                                       Utilities\STM32F4-Discovery\stm32f4_discovery.o
BUTTON_PIN                                        Utilities\STM32F4-Discovery\stm32f4_discovery.o
BUTTON_PIN_SOURCE                                 Utilities\STM32F4-Discovery\stm32f4_discovery.o
BUTTON_PORT                                       Utilities\STM32F4-Discovery\stm32f4_discovery.o
BUTTON_PORT_SOURCE                                Utilities\STM32F4-Discovery\stm32f4_discovery.o
BusFault_Handler                                  src\stm32f4xx_it.o
CAN1_RX0_IRQHandler                               src\startup_stm32f4xx.o
CAN1_RX1_IRQHandler                               src\startup_stm32f4xx.o
CAN1_SCE_IRQHandler                               src\startup_stm32f4xx.o
CAN1_TX_IRQHandler                                src\startup_stm32f4xx.o
CAN2_RX0_IRQHandler                               src\startup_stm32f4xx.o
CAN2_RX1_IRQHandler                               src\startup_stm32f4xx.o
CAN2_SCE_IRQHandler                               src\startup_stm32f4xx.o
CAN2_TX_IRQHandler                                src\startup_stm32f4xx.o
CAN_CancelTransmit                                Libraries\STM32F4xx_StdPeriph_Driver\src\stm32f4xx_can.o
CAN_ClearFlag                                     Libraries\STM32F4xx_StdPeriph_Driver\src\stm32f4xx_can.o
CAN_ClearITPendingBit                             Libraries\STM32F4xx_StdPeriph_Driver\src\stm32f4xx_can.o
CAN_DBGFreeze                                     Libraries\STM32F4xx_StdPeriph_Driver\src\stm32f4xx_can.o
CAN_DeInit                                        Libraries\STM32F4xx_StdPeriph_Driver\src\stm32f4xx_can.o
CAN_FIFORelease                                   Libraries\STM32F4xx_StdPeriph_Driver\src\stm32f4xx_can.o
CAN_FilterInit                                    Libraries\STM32F4xx_StdPeriph_Driver\src\stm32f4xx_can.o
CAN_GetFlagStatus                                 Libraries\STM32F4xx_StdPeriph_Driver\src\stm32f4xx_can.o
CAN_GetITStatus                                   Libraries\STM32F4xx_StdPeriph_Driver\src\stm32f4xx_can.o
CAN_GetLSBTransmitErrorCounter                    Libraries\STM32F4xx_StdPeriph_Driver\src\stm32f4xx_can.o
CAN_GetLastErrorCode                              Libraries\STM32F4xx_StdPeriph_Driver\src\stm32f4xx_can.o
CAN_GetReceiveErrorCounter                        Libraries\STM32F4xx_StdPeriph_Driver\src\stm32f4xx_can.o
CAN_ITConfig                                      Libraries\STM32F4xx_StdPeriph_Driver\src\stm32f4xx_can.o
CAN_Init                                          Libraries\STM32F4xx_StdPeriph_Driver\src\stm32f4xx_can.o
CAN_MessagePending                                Libraries\STM32F4xx_StdPeriph_Driver\src\stm32f4xx_can.o
CAN_OperatingModeRequest                          Libraries\STM32F4xx_StdPeriph_Driver\src\stm32f4xx_can.o
CAN_Receive                                       Libraries\STM32F4xx_StdPeriph_Driver\src\stm32f4xx_can.o
CAN_SlaveStartBank                                Libraries\STM32F4xx_StdPeriph_Driver\src\stm32f4xx_can.o
CAN_Sleep                                         Libraries\STM32F4xx_StdPeriph_Driver\src\stm32f4xx_can.o
CAN_StructInit                                    Libraries\STM32F4xx_StdPeriph_Driver\src\stm32f4xx_can.o
CAN_TTComModeCmd                                  Libraries\STM32F4xx_StdPeriph_Driver\src\stm32f4xx_can.o
CAN_Transmit                                      Libraries\STM32F4xx_StdPeriph_Driver\src\stm32f4xx_can.o
CAN_TransmitStatus                                Libraries\STM32F4xx_StdPeriph_Driver\src\stm32f4xx_can.o
CAN_WakeUp                                        Libraries\STM32F4xx_StdPeriph_Driver\src\stm32f4xx_can.o
CODECTimeout                                      Utilities\STM32F4-Discovery\stm32f4_discovery_audio_codec.o
CRC_CalcBlockCRC                                  Libraries\STM32F4xx_StdPeriph_Driver\src\stm32f4xx_crc.o
CRC_CalcCRC                                       Libraries\STM32F4xx_StdPeriph_Driver\src\stm32f4xx_crc.o
CRC_GetCRC                                        Libraries\STM32F4xx_StdPeriph_Driver\src\stm32f4xx_crc.o
CRC_GetIDRegister                                 Libraries\STM32F4xx_StdPeriph_Driver\src\stm32f4xx_crc.o
CRC_ResetDR                                       Libraries\STM32F4xx_StdPeriph_Driver\src\stm32f4xx_crc.o
CRC_SetIDRegister                                 Libraries\STM32F4xx_StdPeriph_Driver\src\stm32f4xx_crc.o
CRYP_AES_CBC                                      Libraries\STM32F4xx_StdPeriph_Driver\src\stm32f4xx_cryp_aes.o
CRYP_AES_CTR                                      Libraries\STM32F4xx_StdPeriph_Driver\src\stm32f4xx_cryp_aes.o
CRYP_AES_ECB                                      Libraries\STM32F4xx_StdPeriph_Driver\src\stm32f4xx_cryp_aes.o
CRYP_Cmd                                          Libraries\STM32F4xx_StdPeriph_Driver\src\stm32f4xx_cryp.o
                                                  Libraries\STM32F4xx_StdPeriph_Driver\src\stm32f4xx_cryp_aes.o
                                                  Libraries\STM32F4xx_StdPeriph_Driver\src\stm32f4xx_cryp_des.o
                                                  Libraries\STM32F4xx_StdPeriph_Driver\src\stm32f4xx_cryp_tdes.o
CRYP_DES_CBC                                      Libraries\STM32F4xx_StdPeriph_Driver\src\stm32f4xx_cryp_des.o
CRYP_DES_ECB                                      Libraries\STM32F4xx_StdPeriph_Driver\src\stm32f4xx_cryp_des.o
CRYP_DMACmd                                       Libraries\STM32F4xx_StdPeriph_Driver\src\stm32f4xx_cryp.o
CRYP_DataIn                                       Libraries\STM32F4xx_StdPeriph_Driver\src\stm32f4xx_cryp.o
                                                  Libraries\STM32F4xx_StdPeriph_Driver\src\stm32f4xx_cryp_aes.o
                                                  Libraries\STM32F4xx_StdPeriph_Driver\src\stm32f4xx_cryp_des.o
                                                  Libraries\STM32F4xx_StdPeriph_Driver\src\stm32f4xx_cryp_tdes.o
CRYP_DataOut                                      Libraries\STM32F4xx_StdPeriph_Driver\src\stm32f4xx_cryp.o
                                                  Libraries\STM32F4xx_StdPeriph_Driver\src\stm32f4xx_cryp_aes.o
                                                  Libraries\STM32F4xx_StdPeriph_Driver\src\stm32f4xx_cryp_des.o
                                                  Libraries\STM32F4xx_StdPeriph_Driver\src\stm32f4xx_cryp_tdes.o
CRYP_DeInit                                       Libraries\STM32F4xx_StdPeriph_Driver\src\stm32f4xx_cryp.o
CRYP_FIFOFlush                                    Libraries\STM32F4xx_StdPeriph_Driver\src\stm32f4xx_cryp.o
                                                  Libraries\STM32F4xx_StdPeriph_Driver\src\stm32f4xx_cryp_aes.o
                                                  Libraries\STM32F4xx_StdPeriph_Driver\src\stm32f4xx_cryp_des.o
                                                  Libraries\STM32F4xx_StdPeriph_Driver\src\stm32f4xx_cryp_tdes.o
CRYP_GetFlagStatus                                Libraries\STM32F4xx_StdPeriph_Driver\src\stm32f4xx_cryp.o
                                                  Libraries\STM32F4xx_StdPeriph_Driver\src\stm32f4xx_cryp_aes.o
                                                  Libraries\STM32F4xx_StdPeriph_Driver\src\stm32f4xx_cryp_des.o
                                                  Libraries\STM32F4xx_StdPeriph_Driver\src\stm32f4xx_cryp_tdes.o
CRYP_GetITStatus                                  Libraries\STM32F4xx_StdPeriph_Driver\src\stm32f4xx_cryp.o
CRYP_IRQHandler                                   src\startup_stm32f4xx.o
CRYP_ITConfig                                     Libraries\STM32F4xx_StdPeriph_Driver\src\stm32f4xx_cryp.o
CRYP_IVInit                                       Libraries\STM32F4xx_StdPeriph_Driver\src\stm32f4xx_cryp.o
                                                  Libraries\STM32F4xx_StdPeriph_Driver\src\stm32f4xx_cryp_aes.o
                                                  Libraries\STM32F4xx_StdPeriph_Driver\src\stm32f4xx_cryp_des.o
                                                  Libraries\STM32F4xx_StdPeriph_Driver\src\stm32f4xx_cryp_tdes.o
CRYP_IVStructInit                                 Libraries\STM32F4xx_StdPeriph_Driver\src\stm32f4xx_cryp.o
CRYP_Init                                         Libraries\STM32F4xx_StdPeriph_Driver\src\stm32f4xx_cryp.o
                                                  Libraries\STM32F4xx_StdPeriph_Driver\src\stm32f4xx_cryp_aes.o
                                                  Libraries\STM32F4xx_StdPeriph_Driver\src\stm32f4xx_cryp_des.o
                                                  Libraries\STM32F4xx_StdPeriph_Driver\src\stm32f4xx_cryp_tdes.o
CRYP_KeyInit                                      Libraries\STM32F4xx_StdPeriph_Driver\src\stm32f4xx_cryp.o
                                                  Libraries\STM32F4xx_StdPeriph_Driver\src\stm32f4xx_cryp_aes.o
                                                  Libraries\STM32F4xx_StdPeriph_Driver\src\stm32f4xx_cryp_des.o
                                                  Libraries\STM32F4xx_StdPeriph_Driver\src\stm32f4xx_cryp_tdes.o
CRYP_KeyStructInit                                Libraries\STM32F4xx_StdPeriph_Driver\src\stm32f4xx_cryp.o
                                                  Libraries\STM32F4xx_StdPeriph_Driver\src\stm32f4xx_cryp_aes.o
                                                  Libraries\STM32F4xx_StdPeriph_Driver\src\stm32f4xx_cryp_des.o
                                                  Libraries\STM32F4xx_StdPeriph_Driver\src\stm32f4xx_cryp_tdes.o
CRYP_RestoreContext                               Libraries\STM32F4xx_StdPeriph_Driver\src\stm32f4xx_cryp.o
CRYP_SaveContext                                  Libraries\STM32F4xx_StdPeriph_Driver\src\stm32f4xx_cryp.o
CRYP_StructInit                                   Libraries\STM32F4xx_StdPeriph_Driver\src\stm32f4xx_cryp.o
CRYP_TDES_CBC                                     Libraries\STM32F4xx_StdPeriph_Driver\src\stm32f4xx_cryp_tdes.o
CRYP_TDES_ECB                                     Libraries\STM32F4xx_StdPeriph_Driver\src\stm32f4xx_cryp_tdes.o
Codec_TIMEOUT_UserCallback                        Utilities\STM32F4-Discovery\stm32f4_discovery_audio_codec.o
CurrAudioInterface                                Utilities\STM32F4-Discovery\stm32f4_discovery_audio_codec.o
CurrentPos                                        Utilities\STM32F4-Discovery\stm32f4_discovery_audio_codec.o
DAC_ClearFlag                                     Libraries\STM32F4xx_StdPeriph_Driver\src\stm32f4xx_dac.o
DAC_ClearITPendingBit                             Libraries\STM32F4xx_StdPeriph_Driver\src\stm32f4xx_dac.o
DAC_Cmd                                           Libraries\STM32F4xx_StdPeriph_Driver\src\stm32f4xx_dac.o
                                                  Utilities\STM32F4-Discovery\stm32f4_discovery_audio_codec.o
DAC_Config                                        Utilities\STM32F4-Discovery\stm32f4_discovery_audio_codec.o
DAC_DMACmd                                        Libraries\STM32F4xx_StdPeriph_Driver\src\stm32f4xx_dac.o
DAC_DeInit                                        Libraries\STM32F4xx_StdPeriph_Driver\src\stm32f4xx_dac.o
DAC_DualSoftwareTriggerCmd                        Libraries\STM32F4xx_StdPeriph_Driver\src\stm32f4xx_dac.o
DAC_GetDataOutputValue                            Libraries\STM32F4xx_StdPeriph_Driver\src\stm32f4xx_dac.o
DAC_GetFlagStatus                                 Libraries\STM32F4xx_StdPeriph_Driver\src\stm32f4xx_dac.o
DAC_GetITStatus                                   Libraries\STM32F4xx_StdPeriph_Driver\src\stm32f4xx_dac.o
DAC_ITConfig                                      Libraries\STM32F4xx_StdPeriph_Driver\src\stm32f4xx_dac.o
DAC_Init                                          Libraries\STM32F4xx_StdPeriph_Driver\src\stm32f4xx_dac.o
                                                  Utilities\STM32F4-Discovery\stm32f4_discovery_audio_codec.o
DAC_SetChannel1Data                               Libraries\STM32F4xx_StdPeriph_Driver\src\stm32f4xx_dac.o
                                                  Utilities\STM32F4-Discovery\stm32f4_discovery_audio_codec.o
DAC_SetChannel2Data                               Libraries\STM32F4xx_StdPeriph_Driver\src\stm32f4xx_dac.o
DAC_SetDualChannelData                            Libraries\STM32F4xx_StdPeriph_Driver\src\stm32f4xx_dac.o
DAC_SoftwareTriggerCmd                            Libraries\STM32F4xx_StdPeriph_Driver\src\stm32f4xx_dac.o
DAC_StructInit                                    Libraries\STM32F4xx_StdPeriph_Driver\src\stm32f4xx_dac.o
DAC_WaveGenerationCmd                             Libraries\STM32F4xx_StdPeriph_Driver\src\stm32f4xx_dac.o
DBGMCU_APB1PeriphConfig                           Libraries\STM32F4xx_StdPeriph_Driver\src\stm32f4xx_dbgmcu.o
DBGMCU_APB2PeriphConfig                           Libraries\STM32F4xx_StdPeriph_Driver\src\stm32f4xx_dbgmcu.o
DBGMCU_Config                                     Libraries\STM32F4xx_StdPeriph_Driver\src\stm32f4xx_dbgmcu.o
DBGMCU_GetDEVID                                   Libraries\STM32F4xx_StdPeriph_Driver\src\stm32f4xx_dbgmcu.o
DBGMCU_GetREVID                                   Libraries\STM32F4xx_StdPeriph_Driver\src\stm32f4xx_dbgmcu.o
DCMI_CROPCmd                                      Libraries\STM32F4xx_StdPeriph_Driver\src\stm32f4xx_dcmi.o
DCMI_CROPConfig                                   Libraries\STM32F4xx_StdPeriph_Driver\src\stm32f4xx_dcmi.o
DCMI_CaptureCmd                                   Libraries\STM32F4xx_StdPeriph_Driver\src\stm32f4xx_dcmi.o
DCMI_ClearFlag                                    Libraries\STM32F4xx_StdPeriph_Driver\src\stm32f4xx_dcmi.o
DCMI_ClearITPendingBit                            Libraries\STM32F4xx_StdPeriph_Driver\src\stm32f4xx_dcmi.o
DCMI_Cmd                                          Libraries\STM32F4xx_StdPeriph_Driver\src\stm32f4xx_dcmi.o
DCMI_DeInit                                       Libraries\STM32F4xx_StdPeriph_Driver\src\stm32f4xx_dcmi.o
DCMI_GetFlagStatus                                Libraries\STM32F4xx_StdPeriph_Driver\src\stm32f4xx_dcmi.o
DCMI_GetITStatus                                  Libraries\STM32F4xx_StdPeriph_Driver\src\stm32f4xx_dcmi.o
DCMI_IRQHandler                                   src\startup_stm32f4xx.o
DCMI_ITConfig                                     Libraries\STM32F4xx_StdPeriph_Driver\src\stm32f4xx_dcmi.o
DCMI_Init                                         Libraries\STM32F4xx_StdPeriph_Driver\src\stm32f4xx_dcmi.o
DCMI_JPEGCmd                                      Libraries\STM32F4xx_StdPeriph_Driver\src\stm32f4xx_dcmi.o
DCMI_ReadData                                     Libraries\STM32F4xx_StdPeriph_Driver\src\stm32f4xx_dcmi.o
DCMI_SetEmbeddedSynchroCodes                      Libraries\STM32F4xx_StdPeriph_Driver\src\stm32f4xx_dcmi.o
DCMI_StructInit                                   Libraries\STM32F4xx_StdPeriph_Driver\src\stm32f4xx_dcmi.o
DMA1_Stream0_IRQHandler                           Utilities\STM32F4-Discovery\stm32f4_discovery_audio_codec.o
                                                  src\startup_stm32f4xx.o
DMA1_Stream1_IRQHandler                           src\startup_stm32f4xx.o
DMA1_Stream2_IRQHandler                           src\startup_stm32f4xx.o
DMA1_Stream3_IRQHandler                           src\startup_stm32f4xx.o
DMA1_Stream4_IRQHandler                           src\startup_stm32f4xx.o
DMA1_Stream5_IRQHandler                           src\startup_stm32f4xx.o
DMA1_Stream6_IRQHandler                           src\startup_stm32f4xx.o
DMA1_Stream7_IRQHandler                           Utilities\STM32F4-Discovery\stm32f4_discovery_audio_codec.o
                                                  src\startup_stm32f4xx.o
DMA2_Stream0_IRQHandler                           src\startup_stm32f4xx.o
DMA2_Stream1_IRQHandler                           src\startup_stm32f4xx.o
DMA2_Stream2_IRQHandler                           src\startup_stm32f4xx.o
DMA2_Stream3_IRQHandler                           src\startup_stm32f4xx.o
DMA2_Stream4_IRQHandler                           src\startup_stm32f4xx.o
DMA2_Stream5_IRQHandler                           src\startup_stm32f4xx.o
DMA2_Stream6_IRQHandler                           src\startup_stm32f4xx.o
DMA2_Stream7_IRQHandler                           src\startup_stm32f4xx.o
DMA_ClearFlag                                     Libraries\STM32F4xx_StdPeriph_Driver\src\stm32f4xx_dma.o
                                                  Utilities\STM32F4-Discovery\stm32f4_discovery_audio_codec.o
DMA_ClearITPendingBit                             Libraries\STM32F4xx_StdPeriph_Driver\src\stm32f4xx_dma.o
DMA_Cmd                                           Libraries\STM32F4xx_StdPeriph_Driver\src\stm32f4xx_dma.o
                                                  Utilities\STM32F4-Discovery\stm32f4_discovery_audio_codec.o
DMA_DeInit                                        Libraries\STM32F4xx_StdPeriph_Driver\src\stm32f4xx_dma.o
                                                  Utilities\STM32F4-Discovery\stm32f4_discovery_audio_codec.o
DMA_DoubleBufferModeCmd                           Libraries\STM32F4xx_StdPeriph_Driver\src\stm32f4xx_dma.o
DMA_DoubleBufferModeConfig                        Libraries\STM32F4xx_StdPeriph_Driver\src\stm32f4xx_dma.o
DMA_FlowControllerConfig                          Libraries\STM32F4xx_StdPeriph_Driver\src\stm32f4xx_dma.o
DMA_GetCmdStatus                                  Libraries\STM32F4xx_StdPeriph_Driver\src\stm32f4xx_dma.o
                                                  Utilities\STM32F4-Discovery\stm32f4_discovery_audio_codec.o
DMA_GetCurrDataCounter                            Libraries\STM32F4xx_StdPeriph_Driver\src\stm32f4xx_dma.o
DMA_GetCurrentMemoryTarget                        Libraries\STM32F4xx_StdPeriph_Driver\src\stm32f4xx_dma.o
DMA_GetFIFOStatus                                 Libraries\STM32F4xx_StdPeriph_Driver\src\stm32f4xx_dma.o
DMA_GetFlagStatus                                 Libraries\STM32F4xx_StdPeriph_Driver\src\stm32f4xx_dma.o
                                                  Utilities\STM32F4-Discovery\stm32f4_discovery_audio_codec.o
DMA_GetITStatus                                   Libraries\STM32F4xx_StdPeriph_Driver\src\stm32f4xx_dma.o
DMA_ITConfig                                      Libraries\STM32F4xx_StdPeriph_Driver\src\stm32f4xx_dma.o
                                                  Utilities\STM32F4-Discovery\stm32f4_discovery_audio_codec.o
DMA_Init                                          Libraries\STM32F4xx_StdPeriph_Driver\src\stm32f4xx_dma.o
                                                  Utilities\STM32F4-Discovery\stm32f4_discovery_audio_codec.o
DMA_InitStructure                                 Utilities\STM32F4-Discovery\stm32f4_discovery_audio_codec.o
DMA_MemoryTargetConfig                            Libraries\STM32F4xx_StdPeriph_Driver\src\stm32f4xx_dma.o
DMA_PeriphIncOffsetSizeConfig                     Libraries\STM32F4xx_StdPeriph_Driver\src\stm32f4xx_dma.o
DMA_SetCurrDataCounter                            Libraries\STM32F4xx_StdPeriph_Driver\src\stm32f4xx_dma.o
DMA_StructInit                                    Libraries\STM32F4xx_StdPeriph_Driver\src\stm32f4xx_dma.o
DebugMon_Handler                                  src\stm32f4xx_it.o
Default_Handler                                   src\startup_stm32f4xx.o
ETH_IRQHandler                                    src\startup_stm32f4xx.o
ETH_WKUP_IRQHandler                               src\startup_stm32f4xx.o
EVAL_AUDIO_DeInit                                 Utilities\STM32F4-Discovery\stm32f4_discovery_audio_codec.o
EVAL_AUDIO_GetSampleCallBack                      src\STM32F4-Discovery_callback.o
                                                  Utilities\STM32F4-Discovery\stm32f4_discovery_audio_codec.o
EVAL_AUDIO_Init                                   Utilities\STM32F4-Discovery\stm32f4_discovery_audio_codec.o
EVAL_AUDIO_Mute                                   Utilities\STM32F4-Discovery\stm32f4_discovery_audio_codec.o
EVAL_AUDIO_PauseResume                            Utilities\STM32F4-Discovery\stm32f4_discovery_audio_codec.o
EVAL_AUDIO_Play                                   Utilities\STM32F4-Discovery\stm32f4_discovery_audio_codec.o
EVAL_AUDIO_SetAudioInterface                      Utilities\STM32F4-Discovery\stm32f4_discovery_audio_codec.o
EVAL_AUDIO_Stop                                   Utilities\STM32F4-Discovery\stm32f4_discovery_audio_codec.o
EVAL_AUDIO_TransferComplete_CallBack              src\STM32F4-Discovery_callback.o
                                                  Utilities\STM32F4-Discovery\stm32f4_discovery_audio_codec.o
EVAL_AUDIO_VolumeCtl                              Utilities\STM32F4-Discovery\stm32f4_discovery_audio_codec.o
EXTI0_IRQHandler                                  src\startup_stm32f4xx.o
EXTI15_10_IRQHandler                              src\startup_stm32f4xx.o
EXTI1_IRQHandler                                  src\startup_stm32f4xx.o
EXTI2_IRQHandler                                  src\startup_stm32f4xx.o
EXTI3_IRQHandler                                  src\startup_stm32f4xx.o
EXTI4_IRQHandler                                  src\startup_stm32f4xx.o
EXTI9_5_IRQHandler                                src\startup_stm32f4xx.o
EXTI_ClearFlag                                    Libraries\STM32F4xx_StdPeriph_Driver\src\stm32f4xx_exti.o
EXTI_ClearITPendingBit                            Libraries\STM32F4xx_StdPeriph_Driver\src\stm32f4xx_exti.o
EXTI_DeInit                                       Libraries\STM32F4xx_StdPeriph_Driver\src\stm32f4xx_exti.o
EXTI_GenerateSWInterrupt                          Libraries\STM32F4xx_StdPeriph_Driver\src\stm32f4xx_exti.o
EXTI_GetFlagStatus                                Libraries\STM32F4xx_StdPeriph_Driver\src\stm32f4xx_exti.o
EXTI_GetITStatus                                  Libraries\STM32F4xx_StdPeriph_Driver\src\stm32f4xx_exti.o
EXTI_Init                                         Libraries\STM32F4xx_StdPeriph_Driver\src\stm32f4xx_exti.o
                                                  Utilities\STM32F4-Discovery\stm32f4_discovery.o
EXTI_StructInit                                   Libraries\STM32F4xx_StdPeriph_Driver\src\stm32f4xx_exti.o
FLASH_ClearFlag                                   Libraries\STM32F4xx_StdPeriph_Driver\src\stm32f4xx_flash.o
FLASH_DataCacheCmd                                Libraries\STM32F4xx_StdPeriph_Driver\src\stm32f4xx_flash.o
FLASH_DataCacheReset                              Libraries\STM32F4xx_StdPeriph_Driver\src\stm32f4xx_flash.o
FLASH_EraseAllSectors                             Libraries\STM32F4xx_StdPeriph_Driver\src\stm32f4xx_flash.o
FLASH_EraseSector                                 Libraries\STM32F4xx_StdPeriph_Driver\src\stm32f4xx_flash.o
FLASH_GetFlagStatus                               Libraries\STM32F4xx_StdPeriph_Driver\src\stm32f4xx_flash.o
FLASH_GetStatus                                   Libraries\STM32F4xx_StdPeriph_Driver\src\stm32f4xx_flash.o
FLASH_IRQHandler                                  src\startup_stm32f4xx.o
FLASH_ITConfig                                    Libraries\STM32F4xx_StdPeriph_Driver\src\stm32f4xx_flash.o
FLASH_InstructionCacheCmd                         Libraries\STM32F4xx_StdPeriph_Driver\src\stm32f4xx_flash.o
FLASH_InstructionCacheReset                       Libraries\STM32F4xx_StdPeriph_Driver\src\stm32f4xx_flash.o
FLASH_Lock                                        Libraries\STM32F4xx_StdPeriph_Driver\src\stm32f4xx_flash.o
FLASH_OB_BORConfig                                Libraries\STM32F4xx_StdPeriph_Driver\src\stm32f4xx_flash.o
FLASH_OB_GetBOR                                   Libraries\STM32F4xx_StdPeriph_Driver\src\stm32f4xx_flash.o
FLASH_OB_GetRDP                                   Libraries\STM32F4xx_StdPeriph_Driver\src\stm32f4xx_flash.o
FLASH_OB_GetUser                                  Libraries\STM32F4xx_StdPeriph_Driver\src\stm32f4xx_flash.o
FLASH_OB_GetWRP                                   Libraries\STM32F4xx_StdPeriph_Driver\src\stm32f4xx_flash.o
FLASH_OB_Launch                                   Libraries\STM32F4xx_StdPeriph_Driver\src\stm32f4xx_flash.o
FLASH_OB_Lock                                     Libraries\STM32F4xx_StdPeriph_Driver\src\stm32f4xx_flash.o
FLASH_OB_RDPConfig                                Libraries\STM32F4xx_StdPeriph_Driver\src\stm32f4xx_flash.o
FLASH_OB_Unlock                                   Libraries\STM32F4xx_StdPeriph_Driver\src\stm32f4xx_flash.o
FLASH_OB_UserConfig                               Libraries\STM32F4xx_StdPeriph_Driver\src\stm32f4xx_flash.o
FLASH_OB_WRPConfig                                Libraries\STM32F4xx_StdPeriph_Driver\src\stm32f4xx_flash.o
FLASH_PrefetchBufferCmd                           Libraries\STM32F4xx_StdPeriph_Driver\src\stm32f4xx_flash.o
FLASH_ProgramByte                                 Libraries\STM32F4xx_StdPeriph_Driver\src\stm32f4xx_flash.o
FLASH_ProgramDoubleWord                           Libraries\STM32F4xx_StdPeriph_Driver\src\stm32f4xx_flash.o
FLASH_ProgramHalfWord                             Libraries\STM32F4xx_StdPeriph_Driver\src\stm32f4xx_flash.o
FLASH_ProgramWord                                 Libraries\STM32F4xx_StdPeriph_Driver\src\stm32f4xx_flash.o
FLASH_SetLatency                                  Libraries\STM32F4xx_StdPeriph_Driver\src\stm32f4xx_flash.o
FLASH_Unlock                                      Libraries\STM32F4xx_StdPeriph_Driver\src\stm32f4xx_flash.o
FLASH_WaitForLastOperation                        Libraries\STM32F4xx_StdPeriph_Driver\src\stm32f4xx_flash.o
FPU_IRQHandler                                    src\startup_stm32f4xx.o
FSMC_ClearFlag                                    Libraries\STM32F4xx_StdPeriph_Driver\src\stm32f4xx_fsmc.o
FSMC_ClearITPendingBit                            Libraries\STM32F4xx_StdPeriph_Driver\src\stm32f4xx_fsmc.o
FSMC_GetECC                                       Libraries\STM32F4xx_StdPeriph_Driver\src\stm32f4xx_fsmc.o
FSMC_GetFlagStatus                                Libraries\STM32F4xx_StdPeriph_Driver\src\stm32f4xx_fsmc.o
FSMC_GetITStatus                                  Libraries\STM32F4xx_StdPeriph_Driver\src\stm32f4xx_fsmc.o
FSMC_IRQHandler                                   src\startup_stm32f4xx.o
FSMC_ITConfig                                     Libraries\STM32F4xx_StdPeriph_Driver\src\stm32f4xx_fsmc.o
FSMC_NANDCmd                                      Libraries\STM32F4xx_StdPeriph_Driver\src\stm32f4xx_fsmc.o
FSMC_NANDDeInit                                   Libraries\STM32F4xx_StdPeriph_Driver\src\stm32f4xx_fsmc.o
FSMC_NANDECCCmd                                   Libraries\STM32F4xx_StdPeriph_Driver\src\stm32f4xx_fsmc.o
FSMC_NANDInit                                     Libraries\STM32F4xx_StdPeriph_Driver\src\stm32f4xx_fsmc.o
FSMC_NANDStructInit                               Libraries\STM32F4xx_StdPeriph_Driver\src\stm32f4xx_fsmc.o
FSMC_NORSRAMCmd                                   Libraries\STM32F4xx_StdPeriph_Driver\src\stm32f4xx_fsmc.o
FSMC_NORSRAMDeInit                                Libraries\STM32F4xx_StdPeriph_Driver\src\stm32f4xx_fsmc.o
FSMC_NORSRAMInit                                  Libraries\STM32F4xx_StdPeriph_Driver\src\stm32f4xx_fsmc.o
FSMC_NORSRAMStructInit                            Libraries\STM32F4xx_StdPeriph_Driver\src\stm32f4xx_fsmc.o
FSMC_PCCARDCmd                                    Libraries\STM32F4xx_StdPeriph_Driver\src\stm32f4xx_fsmc.o
FSMC_PCCARDDeInit                                 Libraries\STM32F4xx_StdPeriph_Driver\src\stm32f4xx_fsmc.o
FSMC_PCCARDInit                                   Libraries\STM32F4xx_StdPeriph_Driver\src\stm32f4xx_fsmc.o
FSMC_PCCARDStructInit                             Libraries\STM32F4xx_StdPeriph_Driver\src\stm32f4xx_fsmc.o
GPIO_CLK                                          Utilities\STM32F4-Discovery\stm32f4_discovery.o
GPIO_DeInit                                       Libraries\STM32F4xx_StdPeriph_Driver\src\stm32f4xx_gpio.o
GPIO_Init                                         Libraries\STM32F4xx_StdPeriph_Driver\src\stm32f4xx_gpio.o
                                                  Utilities\STM32F4-Discovery\stm32f4_discovery.o
                                                  Utilities\STM32F4-Discovery\stm32f4_discovery_audio_codec.o
                                                  Utilities\STM32F4-Discovery\stm32f4_discovery_lis302dl.o
                                                  src\main.o
GPIO_PIN                                          Utilities\STM32F4-Discovery\stm32f4_discovery.o
GPIO_PORT                                         Utilities\STM32F4-Discovery\stm32f4_discovery.o
GPIO_PinAFConfig                                  Libraries\STM32F4xx_StdPeriph_Driver\src\stm32f4xx_gpio.o
                                                  Utilities\STM32F4-Discovery\stm32f4_discovery_audio_codec.o
                                                  Utilities\STM32F4-Discovery\stm32f4_discovery_lis302dl.o
                                                  src\main.o
GPIO_PinLockConfig                                Libraries\STM32F4xx_StdPeriph_Driver\src\stm32f4xx_gpio.o
GPIO_ReadInputData                                Libraries\STM32F4xx_StdPeriph_Driver\src\stm32f4xx_gpio.o
GPIO_ReadInputDataBit                             Libraries\STM32F4xx_StdPeriph_Driver\src\stm32f4xx_gpio.o
                                                  Utilities\STM32F4-Discovery\stm32f4_discovery.o
                                                  src\main.o
GPIO_ReadOutputData                               Libraries\STM32F4xx_StdPeriph_Driver\src\stm32f4xx_gpio.o
GPIO_ReadOutputDataBit                            Libraries\STM32F4xx_StdPeriph_Driver\src\stm32f4xx_gpio.o
GPIO_ResetBits                                    Libraries\STM32F4xx_StdPeriph_Driver\src\stm32f4xx_gpio.o
                                                  Utilities\STM32F4-Discovery\stm32f4_discovery_lis302dl.o
                                                  src\main.o
GPIO_SetBits                                      Libraries\STM32F4xx_StdPeriph_Driver\src\stm32f4xx_gpio.o
                                                  Utilities\STM32F4-Discovery\stm32f4_discovery_lis302dl.o
                                                  src\main.o
GPIO_StructInit                                   Libraries\STM32F4xx_StdPeriph_Driver\src\stm32f4xx_gpio.o
GPIO_ToggleBits                                   Libraries\STM32F4xx_StdPeriph_Driver\src\stm32f4xx_gpio.o
                                                  src\main.o
GPIO_Write                                        Libraries\STM32F4xx_StdPeriph_Driver\src\stm32f4xx_gpio.o
GPIO_WriteBit                                     Libraries\STM32F4xx_StdPeriph_Driver\src\stm32f4xx_gpio.o
                                                  Utilities\STM32F4-Discovery\stm32f4_discovery_audio_codec.o
HASH_ClearFlag                                    Libraries\STM32F4xx_StdPeriph_Driver\src\stm32f4xx_hash.o
HASH_ClearITPendingBit                            Libraries\STM32F4xx_StdPeriph_Driver\src\stm32f4xx_hash.o
HASH_DMACmd                                       Libraries\STM32F4xx_StdPeriph_Driver\src\stm32f4xx_hash.o
HASH_DataIn                                       Libraries\STM32F4xx_StdPeriph_Driver\src\stm32f4xx_hash.o
                                                  Libraries\STM32F4xx_StdPeriph_Driver\src\stm32f4xx_hash_md5.o
                                                  Libraries\STM32F4xx_StdPeriph_Driver\src\stm32f4xx_hash_sha1.o
HASH_DeInit                                       Libraries\STM32F4xx_StdPeriph_Driver\src\stm32f4xx_hash.o
                                                  Libraries\STM32F4xx_StdPeriph_Driver\src\stm32f4xx_hash_md5.o
                                                  Libraries\STM32F4xx_StdPeriph_Driver\src\stm32f4xx_hash_sha1.o
HASH_GetDigest                                    Libraries\STM32F4xx_StdPeriph_Driver\src\stm32f4xx_hash.o
                                                  Libraries\STM32F4xx_StdPeriph_Driver\src\stm32f4xx_hash_md5.o
                                                  Libraries\STM32F4xx_StdPeriph_Driver\src\stm32f4xx_hash_sha1.o
HASH_GetFlagStatus                                Libraries\STM32F4xx_StdPeriph_Driver\src\stm32f4xx_hash.o